[20:30:57] [Render thread/INFO] [JMLogger] JourneyMap log initialized.
[20:30:57] [Render thread/INFO] [JourneymapClient] initialize ENTER
[20:30:57] [Render thread/INFO] [ClientAPI] [ClientAPI] built with JourneyMap API 1.9-SNAPSHOT
[20:30:57] [Render thread/INFO] [PluginHelper] Initializing plugins with Client API: journeymap.client.api.impl.ClientAPI
[20:30:57] [Render thread/DEBUG] [JourneymapClient] Loading and Generating Journeymap configs
[20:30:57] [Render thread/INFO] [?] Version: JourneyMap 1.20.1-5.9.18p1, built with forge 1.20.1-47.1.46
forge: 47.2.0
Environment: os.name, os.arch, java.version, user.country, user.language=null, game language=en_us, locale=en_us
Features: 
	RadarPlayers : singleplayer = true , multiplayer = true
	RadarAnimals : singleplayer = true , multiplayer = true
	RadarMobs : singleplayer = true , multiplayer = true
	RadarVillagers : singleplayer = true , multiplayer = true
	MapTopo : singleplayer = true , multiplayer = true
	MapSurface : singleplayer = true , multiplayer = true
	MapCaves : singleplayer = true , multiplayer = true
	MapBiome : singleplayer = true , multiplayer = true
MiniMapProperties{state=Valid, file=journeymap.minimap.config, configVersion=5.9.18p1, zoomLevel=0, compassFontScale=1.0, terrainAlpha=100, showEntityNames=true, positionX=0.9, positionY=0.25, effectVertical=false, showPlayerHeading=true, sizePercent=30, playerDisplayScale=1.0, showDayNight=true, showPets=true, preferredMapType=night, showCompass=true, mobDisplay=jm.common.entity_display.dots, systemTimeRealFormat=HH:mm:ss, shape=jm.minimap.shape_circle, showSelf=true, selfDisplayScale=1.0, showGrid=true, reticleOrientation=jm.minimap.orientation.compass, gameTimeRealFormat=HH:mm:ss, effectTranslateX=-305, showWaypoints=true, minimapKeyMovementSpeed=0.001, showAnimals=true, infoSlotAlpha=0.7, effectTranslateY=0, showWaypointLabels=true, moveEffectIcons=true, position=jm.minimap.position_topright, fontScale=1.0, showPlayers=true, waypointIconScale=1.0, frameAlpha=100, effectReversed=false, backgroundAlpha=0.8, enabled=true, showVillagers=true, info2Label=jm.theme.labelsource.gametime, info3Label=jm.theme.labelsource.location, showMobs=true, waypointLabelScale=1.0, showReticle=true, orientation=jm.minimap.orientation.north, info4Label=jm.theme.labelsource.biome, locationFormat=xzyv, playerDisplay=jm.common.entity_display.dots, mobDisplayScale=1.0, showCaves=true, showMobHeading=true, locationFormatVerbose=true, info1Label=jm.theme.labelsource.blank}
MiniMapProperties{state=Valid, file=journeymap.minimap2.config, configVersion=5.9.18p1, zoomLevel=0, compassFontScale=1.0, terrainAlpha=100, showEntityNames=true, positionX=0.9, positionY=0.25, effectVertical=false, showPlayerHeading=true, sizePercent=30, playerDisplayScale=1.0, showDayNight=true, showPets=true, preferredMapType=day, showCompass=true, mobDisplay=jm.common.entity_display.dots, systemTimeRealFormat=HH:mm:ss, shape=jm.minimap.shape_rectangle, showSelf=true, selfDisplayScale=1.0, showGrid=true, reticleOrientation=jm.minimap.orientation.compass, gameTimeRealFormat=HH:mm:ss, effectTranslateX=0, showWaypoints=true, minimapKeyMovementSpeed=0.001, showAnimals=true, infoSlotAlpha=0.7, effectTranslateY=0, showWaypointLabels=true, moveEffectIcons=true, position=jm.minimap.position_topright, fontScale=1.0, showPlayers=true, waypointIconScale=1.0, frameAlpha=100, effectReversed=false, backgroundAlpha=0.8, enabled=true, showVillagers=true, info2Label=jm.theme.labelsource.gametime, info3Label=jm.theme.labelsource.location, showMobs=true, waypointLabelScale=1.0, showReticle=true, orientation=jm.minimap.orientation.north, info4Label=jm.theme.labelsource.biome, locationFormat=xzyv, playerDisplay=jm.common.entity_display.dots, mobDisplayScale=1.0, showCaves=true, showMobHeading=true, locationFormatVerbose=true, info1Label=jm.theme.labelsource.blank}
FullMapProperties{state=Valid, file=journeymap.fullmap.config, configVersion=5.9.18p1, zoomLevel=2, showPlayers=true, waypointIconScale=1.0, showEntityNames=true, showPlayerHeading=true, showVillagers=false, showPlayerLoc=true, showKeys=false, playerDisplayScale=1.0, showMobs=false, showPets=false, waypointLabelScale=1.0, preferredMapType=day, mobDisplay=jm.common.entity_display.dots, showSelf=true, locationFormat=xzyv, playerDisplay=jm.common.entity_display.dots, mobDisplayScale=1.0, selfDisplayScale=1.0, showGrid=false, showMouseLoc=true, showWaypoints=true, showCaves=true, showAnimals=false, showMobHeading=true, showWaypointLabels=true, locationFormatVerbose=true, fontScale=1.0}
WaypointProperties{state=Valid, file=journeymap.waypoint.config, configVersion=5.9.18p1, autoRemoveDeathpointDistance=2, dateFormat=MM-dd-yyyy, autoRemoveDeathpoints=false, fullscreenDoubleClickToCreate=true, managerDimensionFocus=false, minDistance=4, boldLabel=false, textureSmall=true, showDeathpointlabel=true, beaconEnabled=true, createDeathpoints=true, showName=true, disableStrikeThrough=false, maxDistance=0, autoHideLabel=true, autoRemoveTempWaypoints=2, teleportCommand=/tp {name} {x} {y} {z}, showStaticBeam=true, shaderBeacon=false, timeFormat=HH:mm:ss, showDeviationLabel=false, showDistance=true, showRotatingBeam=true, fontScale=2.0, showTexture=true, managerEnabled=true}
WebMapProperties{state=Valid, file=journeymap.webmap.config, configVersion=5.9.18p1, port=8080, enabled=false}
CoreProperties{state=Valid, file=journeymap.core.config, configVersion=5.9.18p1, verboseColorPalette=false, maxPlayersData=32, mapSurfaceAboveCaves=true, dataCachingEnabled=true, optionsManagerViewed=5.9.18p1, announceMod=true, colorPassive=#bbbbbb, mapBlendWater=false, renderDistanceSurfaceMax=0, seedId=true, radarVerticalDistance=16, mapBlendGrass=true, recordCacheStats=false, hideSneakingEntities=true, revealShape=jm.minimap.shape_circle, mapBiome=true, alwaysMapSurface=false, colorVillager=#88e188, mapPlants=true, colorPet=#0077ff, radarLateralDistance=64, mapBathymetry=false, mapCrops=true, maxMobsData=32, mapPlantShadows=false, alwaysMapCaves=false, checkUpdates=false, mapBlendFoliage=false, hideSpectators=false, mappingEnabled=true, colorPlayer=#ffffff, tileHighDisplayQuality=true, cacheVillagersData=2200, logLevel=INFO, maxVillagersData=32, mapWaterBiomeColors=true, maxAnimalsData=32, mapTransparency=true, caveBlackAsClear=false, tileRenderType=1, caveIgnoreGlass=true, mapTopography=true, renderDistanceCaveMax=0, mapAntialiasing=true, colorSelf=#0000ff, cachePlayersData=2000, cacheMobsData=3000, cachePlayerData=1000, splashViewed=5.9.18p1, colorHostile=#ff0000, cacheAnimalsData=3100, themeName=OceanMonument, mapCaveLighting=true, renderDelay=2, glErrorChecking=false, autoMapPoll=2000}
[20:30:57] [Render thread/DEBUG] [ForgeEventHandlerManager] Handler registered: journeymap.client.event.forge.ForgeKeyEvents
[20:30:57] [Render thread/DEBUG] [ForgeEventHandlerManager] Handler registered: journeymap.client.event.forge.ForgeChatEvents
[20:30:57] [Render thread/DEBUG] [ForgeEventHandlerManager] Handler registered: journeymap.client.event.forge.ForgeHudOverlayEvents
[20:30:57] [Render thread/DEBUG] [ForgeEventHandlerManager] Handler registered: journeymap.client.event.forge.ForgeWorldEvent
[20:30:57] [Render thread/DEBUG] [ForgeEventHandlerManager] Handler registered: journeymap.client.event.forge.ForgeChunkEvents
[20:30:57] [Render thread/DEBUG] [ForgeEventHandlerManager] Handler registered: journeymap.client.event.forge.ForgeClientTickEvent
[20:30:57] [Render thread/DEBUG] [ForgeEventHandlerManager] Handler registered: journeymap.client.event.forge.ForgeRenderLevelLastEvent
[20:30:57] [Render thread/DEBUG] [ForgeEventHandlerManager] Handler registered: journeymap.client.event.forge.ForgeLoggedInEvent
[20:30:57] [Render thread/DEBUG] [ForgeEventHandlerManager] Handler registered: journeymap.client.event.forge.ForgeTextureStitchedEvent
[20:30:57] [Render thread/DEBUG] [ForgeEventHandlerManager] Handler registered: journeymap.client.event.forge.ForgePopupCustomEvents
[20:30:57] [Render thread/INFO] [JourneymapClient] initialize EXIT, elapsed count 1 avg 243.61ms
[20:30:59] [Render thread/INFO] [JourneymapClient] Journeymap PostInit
[20:30:59] [Render thread/DEBUG] [JourneymapClient] postInitialize ENTER
[20:30:59] [Render thread/TRACE] [ThemeLoader] Initializing themes ...
[20:30:59] [Render thread/INFO] [ThemeLoader] Preloaded theme textures: 73
[20:30:59] [Render thread/INFO] [VersionCheck] Update check disabled in properties file.
[20:30:59] [Render thread/INFO] [JourneymapClient] postInitialize EXIT, elapsed count 1 avg 277.3ms
[20:31:30] [Server thread/INFO] [ForgeConfig] Loading JourneyMap Forge Configs
[20:32:00] [Render thread/WARN] [JMLogger] Can't get entityTexture for cobblemon:textures/entity_icon/0942_maschiff/maschiff.png
[20:32:00] [Render thread/WARN] [JMLogger] Can't get entityTexture for cobblemon:textures/entity_icon/0599_klink/klink.png
[20:32:00] [Render thread/WARN] [JMLogger] Can't get entityTexture for cobblemon:textures/entity_icon/0216_teddiursa/teddiursa.png
[20:32:00] [Render thread/WARN] [JMLogger] Can't get entityTexture for cobblemon:textures/entity_icon/0173_cleffa/cleffa.png
[20:32:00] [Render thread/WARN] [JMLogger] Can't get entityTexture for cobblemon:textures/entity_icon/0096_drowzee/drowzee.png
[20:32:00] [Render thread/WARN] [JMLogger] Can't get entityTexture for cobblemon:textures/entity_icon/0050_diglett/diglett.png
[20:32:00] [Render thread/WARN] [JMLogger] Can't get entityTexture for cobblemon:textures/entity_icon/0548_petilil/petilil_hisui_bias.png
[20:32:00] [Render thread/WARN] [JMLogger] Can't get entityTexture for cobblemon:textures/entity_icon/0056_mankey/mankey.png
[20:32:00] [Render thread/WARN] [JMLogger] Can't get entityTexture for cobblemon:textures/entity_icon/0011_metapod/metapod.png
[20:32:00] [Render thread/WARN] [JMLogger] Can't get entityTexture for cobblemon:textures/entity_icon/0504_patrat/patrat.png
[20:32:00] [Render thread/WARN] [JMLogger] Can't get entityTexture for cobblemon:textures/entity_icon/0010_caterpie/caterpie.png
[20:32:00] [Render thread/WARN] [JMLogger] Can't get entityTexture for cobblemon:textures/entity_icon/0659_bunnelby/bunnelby.png
[20:32:00] [Render thread/WARN] [JMLogger] Can't get entityTexture for cobblemon:textures/entity_icon/0161_sentret/sentret.png
[20:32:00] [Render thread/WARN] [JMLogger] Can't get entityTexture for cobblemon:textures/entity_icon/0075_graveler/graveler.png
[20:32:00] [Render thread/INFO] [WaypointStore] Loaded 60 waypoints from C:\Users\agent\AppData\Roaming\PrismLauncher\instances\Dungeon Crashers resmoothified\.minecraft\journeymap\data\sp\Desertiaaa\waypoints
[20:32:00] [Render thread/INFO] [JourneymapClient] Mapping started in C:\Users\agent\AppData\Roaming\PrismLauncher\instances\Dungeon Crashers resmoothified\.minecraft\journeymap\data\sp\Desertiaaa\overworldmirror~overworld. Memory: 4096MB total, 790MB free 
[20:32:00] [Render thread/INFO] [ChatLog] JourneyMap: Press [J]
[20:32:05] [Render thread/WARN] [JMLogger] Can't get entityTexture for cobblemon:textures/entity_icon/0427_buneary/buneary.png
[20:32:28] [Render thread/WARN] [JMLogger] Can't get entityTexture for cobblemon:textures/entity_icon/0660_diggersby/diggersby.png
[20:32:44] [Render thread/WARN] [JMLogger] Can't get entityTexture for cobblemon:textures/entity_icon/0296_makuhita/makuhita.png
[20:33:01] [Render thread/WARN] [JMLogger] Can't get entityTexture for cobblemon:textures/entity_icon/0074_geodude/geodude.png
[20:33:01] [Render thread/WARN] [JMLogger] Can't get entityTexture for cobblemon:textures/entity_icon/0831_wooloo/wooloo.png
[20:33:01] [Render thread/WARN] [JMLogger] Can't get entityTexture for cobblemon:textures/entity_icon/0063_abra/abra.png
[20:33:18] [Render thread/WARN] [JMLogger] Can't get entityTexture for cobblemon:textures/entity_icon/0399_bidoof/bidoof.png
[20:35:14] [Render thread/WARN] [JMLogger] Can't get entityTexture for cobblemon:textures/entity_icon/0508_stoutland/stoutland.png
[20:35:14] [Render thread/WARN] [JMLogger] Can't get entityTexture for cobblemon:textures/entity_icon/0543_venipede/venipede.png
[20:35:14] [Render thread/WARN] [JMLogger] Can't get entityTexture for cobblemon:textures/entity_icon/0632_durant/durant.png
[20:35:14] [Render thread/WARN] [JMLogger] Can't get entityTexture for cobblemon:textures/entity_icon/0013_weedle/weedle.png
[20:35:14] [Render thread/WARN] [JMLogger] Can't get entityTexture for cobblemon:textures/entity_icon/0019_rattata/rattata.png
[20:35:14] [Render thread/WARN] [JMLogger] Can't get entityTexture for cobblemon:textures/entity_icon/0079_slowpoke/slowpoke.png
[20:35:14] [Render thread/WARN] [JMLogger] Can't get entityTexture for cobblemon:textures/entity_icon/0180_flaaffy/flaaffy.png
[20:35:14] [Render thread/WARN] [JMLogger] Can't get entityTexture for cobblemon:textures/entity_icon/0926_fidough/fidough.png
[20:35:14] [Render thread/WARN] [JMLogger] Can't get entityTexture for cobblemon:textures/entity_icon/0174_igglybuff/igglybuff.png
[20:35:33] [Render thread/WARN] [JMLogger] Can't get entityTexture for cobblemon:textures/entity_icon/0215_sneasel/sneasel_hisuian.png
[20:35:33] [Render thread/WARN] [JMLogger] Can't get entityTexture for cobblemon:textures/entity_icon/0314_illumise/illumise.png
[20:35:33] [Render thread/WARN] [JMLogger] Can't get entityTexture for cobblemon:textures/entity_icon/0327_spinda/spinda.png
[20:35:33] [Render thread/WARN] [JMLogger] Can't get entityTexture for cobblemon:textures/entity_icon/0669_flabebe/flabebe.png
[20:35:53] [Render thread/WARN] [JMLogger] Can't get entityTexture for cobblemon:textures/entity_icon/0400_bibarel/bibarel.png
[20:36:09] [Render thread/WARN] [JMLogger] Can't get entityTexture for cobblemon:textures/entity_icon/0707_klefki/klefki.png
[20:36:24] [Render thread/WARN] [JMLogger] Can't get entityTexture for cobblemon:textures/entity_icon/0273_seedot/seedot.png
[20:37:37] [Render thread/WARN] [JMLogger] Can't get entityTexture for cobblemon:textures/entity_icon/0167_spinarak/spinarak.png
[20:38:04] [Render thread/WARN] [JMLogger] Can't get entityTexture for cobblemon:textures/entity_icon/0163_hoothoot/hoothoot.png
[20:38:04] [Render thread/WARN] [JMLogger] Can't get entityTexture for cobblemon:textures/entity_icon/0092_gastly/gastly.png
[20:38:14] [Render thread/WARN] [JMLogger] Can't get entityTexture for cobblemon:textures/entity_icon/0163_hoothoot/hoothoot.png
[20:38:14] [Render thread/WARN] [JMLogger] Can't get entityTexture for cobblemon:textures/entity_icon/0092_gastly/gastly.png
[20:38:17] [Render thread/WARN] [JMLogger] Can't get entityTexture for cobblemon:textures/entity_icon/0942_maschiff/maschiff.png
[20:38:17] [Render thread/WARN] [JMLogger] Can't get entityTexture for cobblemon:textures/entity_icon/0216_teddiursa/teddiursa.png
[20:38:17] [Render thread/WARN] [JMLogger] Can't get entityTexture for cobblemon:textures/entity_icon/0050_diglett/diglett.png
[20:38:17] [Render thread/WARN] [JMLogger] Can't get entityTexture for cobblemon:textures/entity_icon/0056_mankey/mankey.png
[20:38:17] [Render thread/WARN] [JMLogger] Can't get entityTexture for cobblemon:textures/entity_icon/0548_petilil/petilil_hisui_bias.png
[20:38:17] [Render thread/WARN] [JMLogger] Can't get entityTexture for cobblemon:textures/entity_icon/0659_bunnelby/bunnelby.png
[20:38:17] [Render thread/WARN] [JMLogger] Can't get entityTexture for cobblemon:textures/entity_icon/0599_klink/klink.png
[20:38:17] [Render thread/WARN] [JMLogger] Can't get entityTexture for cobblemon:textures/entity_icon/0074_geodude/geodude.png
[20:38:17] [Render thread/WARN] [JMLogger] Can't get entityTexture for cobblemon:textures/entity_icon/0427_buneary/buneary.png
[20:38:17] [Render thread/WARN] [JMLogger] Can't get entityTexture for cobblemon:textures/entity_icon/0327_spinda/spinda.png
[20:38:17] [Render thread/WARN] [JMLogger] Can't get entityTexture for cobblemon:textures/entity_icon/0632_durant/durant.png
[20:38:17] [Render thread/WARN] [JMLogger] Can't get entityTexture for cobblemon:textures/entity_icon/0167_spinarak/spinarak.png
[20:38:23] [Render thread/WARN] [JMLogger] Can't get entityTexture for cobblemon:textures/entity_icon/0519_pidove/pidove.png
[20:38:45] [Render thread/WARN] [JMLogger] Can't get entityTexture for cobblemon:textures/entity_icon/0821_rookidee/rookidee.png
[20:38:55] [Render thread/WARN] [JMLogger] Can't get entityTexture for cobblemon:textures/entity_icon/0585_deerling/deerling_autumn.png
[20:38:55] [Render thread/WARN] [JMLogger] Can't get entityTexture for cobblemon:textures/entity_icon/0831_wooloo/wooloo.png
[20:39:11] [Render thread/WARN] [JMLogger] Can't get entityTexture for cobblemon:textures/entity_icon/0749_mudbray/mudbray.png
[20:39:11] [Render thread/WARN] [JMLogger] Can't get entityTexture for cobblemon:textures/entity_icon/0396_starly/starly.png
[20:39:20] [Render thread/WARN] [JMLogger] Can't get entityTexture for cobblemon:textures/entity_icon/0263_zigzagoon/zigzagoon.png
[20:39:42] [Render thread/WARN] [JMLogger] Can't get entityTexture for cobblemon:textures/entity_icon/0548_petilil/petilil.png
[20:39:52] [Render thread/WARN] [JMLogger] Can't get entityTexture for cobblemon:textures/entity_icon/0397_staravia/staravia.png
[20:40:29] [Render thread/WARN] [JMLogger] Can't get entityTexture for cobblemon:textures/entity_icon/0161_sentret/sentret.png
[20:40:55] [Render thread/WARN] [JMLogger] Can't get entityTexture for cobblemon:textures/entity_icon/0664_scatterbug/scatterbug.png
[20:41:15] [Render thread/WARN] [JMLogger] Can't get entityTexture for cobblemon:textures/entity_icon/0504_patrat/patrat.png
[20:41:19] [Render thread/WARN] [JMLogger] Can't get entityTexture for cobblemon:textures/entity_icon/0296_makuhita/makuhita.png
[20:41:22] [Render thread/WARN] [JMLogger] Can't get entityTexture for cobblemon:textures/entity_icon/0066_machop/machop.png
[20:42:21] [Render thread/WARN] [JMLogger] Can't get entityTexture for cobblemon:textures/entity_icon/0019_rattata/rattata.png
[20:42:42] [Render thread/WARN] [JMLogger] Can't get entityTexture for cobblemon:textures/entity_icon/0942_maschiff/maschiff.png
[20:42:42] [Render thread/WARN] [JMLogger] Can't get entityTexture for cobblemon:textures/entity_icon/0216_teddiursa/teddiursa.png
[20:42:42] [Render thread/WARN] [JMLogger] Can't get entityTexture for cobblemon:textures/entity_icon/0050_diglett/diglett.png
[20:42:42] [Render thread/WARN] [JMLogger] Can't get entityTexture for cobblemon:textures/entity_icon/0056_mankey/mankey.png
[20:42:42] [Render thread/WARN] [JMLogger] Can't get entityTexture for cobblemon:textures/entity_icon/0548_petilil/petilil_hisui_bias.png
[20:42:42] [Render thread/WARN] [JMLogger] Can't get entityTexture for cobblemon:textures/entity_icon/0161_sentret/sentret.png
[20:42:42] [Render thread/WARN] [JMLogger] Can't get entityTexture for cobblemon:textures/entity_icon/0074_geodude/geodude.png
[20:42:42] [Render thread/WARN] [JMLogger] Can't get entityTexture for cobblemon:textures/entity_icon/0599_klink/klink.png
[20:42:42] [Render thread/WARN] [JMLogger] Can't get entityTexture for cobblemon:textures/entity_icon/0066_machop/machop.png
[20:42:42] [Render thread/WARN] [JMLogger] Can't get entityTexture for cobblemon:textures/entity_icon/0396_starly/starly.png
[20:42:42] [Render thread/WARN] [JMLogger] Can't get entityTexture for cobblemon:textures/entity_icon/0659_bunnelby/bunnelby.png
[20:42:42] [Render thread/WARN] [JMLogger] Can't get entityTexture for cobblemon:textures/entity_icon/0821_rookidee/rookidee.png
[20:42:42] [Render thread/WARN] [JMLogger] Can't get entityTexture for cobblemon:textures/entity_icon/0019_rattata/rattata.png
[20:42:42] [Render thread/WARN] [JMLogger] Can't get entityTexture for cobblemon:textures/entity_icon/0519_pidove/pidove.png
[20:42:49] [Render thread/WARN] [JMLogger] Can't get entityTexture for cobblemon:textures/entity_icon/0415_combee/combee.png
[20:42:59] [Render thread/WARN] [JMLogger] Can't get entityTexture for cobblemon:textures/entity_icon/0585_deerling/deerling_autumn.png
[20:43:08] [Render thread/WARN] [JMLogger] Can't get entityTexture for cobblemon:textures/entity_icon/0012_butterfree/butterfree.png
[20:43:14] [Render thread/WARN] [JMLogger] Can't get entityTexture for cobblemon:textures/entity_icon/0016_pidgey/pidgey.png
[20:43:30] [Render thread/WARN] [JMLogger] Can't get entityTexture for cobblemon:textures/entity_icon/0664_scatterbug/scatterbug.png
[20:43:55] [Render thread/WARN] [JMLogger] Can't get entityTexture for cobblemon:textures/entity_icon/0669_flabebe/flabebe.png
[20:44:02] [Render thread/WARN] [JMLogger] Can't get entityTexture for cobblemon:textures/entity_icon/0831_wooloo/wooloo.png
[20:44:08] [Render thread/WARN] [JMLogger] Can't get entityTexture for cobblemon:textures/entity_icon/0324_torkoal/torkoal.png
[20:44:08] [Render thread/WARN] [JMLogger] Can't get entityTexture for cobblemon:textures/entity_icon/0041_zubat/zubat.png
[20:44:23] [Render thread/WARN] [JMLogger] Can't get entityTexture for cobblemon:textures/entity_icon/0464_rhyperior/rhyperior.png
[20:44:39] [Render thread/WARN] [JMLogger] Can't get entityTexture for cobblemon:textures/entity_icon/0626_bouffalant/bouffalant.png
[20:44:39] [Render thread/WARN] [JMLogger] Can't get entityTexture for cobblemon:textures/entity_icon/0926_fidough/fidough.png
[20:44:42] [Render thread/WARN] [JMLogger] Can't get entityTexture for cobblemon:textures/entity_icon/0210_granbull/granbull.png
[20:44:49] [Render thread/WARN] [JMLogger] Can't get entityTexture for cobblemon:textures/entity_icon/0010_caterpie/caterpie.png
[20:45:45] [Render thread/WARN] [JMLogger] Can't get entityTexture for cobblemon:textures/entity_icon/0632_durant/durant.png
[20:45:58] [Render thread/WARN] [JMLogger] Can't get entityTexture for cobblemon:textures/entity_icon/0399_bidoof/bidoof.png
[20:46:01] [Render thread/WARN] [JMLogger] Can't get entityTexture for cobblemon:textures/entity_icon/0215_sneasel/sneasel_hisuian.png
[20:46:39] [Render thread/WARN] [JMLogger] Can't get entityTexture for cobblemon:textures/entity_icon/0979_annihilape/annihilape.png
[20:46:46] [Render thread/WARN] [JMLogger] Can't get entityTexture for cobblemon:textures/entity_icon/0631_heatmor/heatmor.png
[20:47:05] [Render thread/WARN] [JMLogger] Can't get entityTexture for cobblemon:textures/entity_icon/0879_copperajah/copperajah.png
[20:47:11] [Render thread/WARN] [JMLogger] Can't get entityTexture for cobblemon:textures/entity_icon/0835_yamper/yamper.png
[20:47:18] [Render thread/WARN] [JMLogger] Can't get entityTexture for cobblemon:textures/entity_icon/0519_pidove/pidove.png
[20:47:18] [Render thread/WARN] [JMLogger] Can't get entityTexture for cobblemon:textures/entity_icon/0074_geodude/geodude.png
[20:47:18] [Render thread/WARN] [JMLogger] Can't get entityTexture for cobblemon:textures/entity_icon/0831_wooloo/wooloo.png
[20:47:18] [Render thread/WARN] [JMLogger] Can't get entityTexture for cobblemon:textures/entity_icon/0161_sentret/sentret.png
[20:47:18] [Render thread/WARN] [JMLogger] Can't get entityTexture for cobblemon:textures/entity_icon/0979_annihilape/annihilape.png
[20:47:18] [Render thread/WARN] [JMLogger] Can't get entityTexture for cobblemon:textures/entity_icon/0631_heatmor/heatmor.png
[20:47:18] [Render thread/WARN] [JMLogger] Can't get entityTexture for cobblemon:textures/entity_icon/0879_copperajah/copperajah.png
[20:47:18] [Render thread/WARN] [JMLogger] Can't get entityTexture for cobblemon:textures/entity_icon/0835_yamper/yamper.png
[20:47:18] [Render thread/WARN] [JMLogger] Can't get entityTexture for cobblemon:textures/entity_icon/0832_dubwool/dubwool.png
[20:47:25] [Render thread/WARN] [JMLogger] Can't get entityTexture for cobblemon:textures/entity_icon/0255_torchic/torchic.png
[20:47:25] [Render thread/WARN] [JMLogger] Can't get entityTexture for cobblemon:textures/entity_icon/0632_durant/durant.png
[20:47:38] [Render thread/WARN] [JMLogger] Can't get entityTexture for cobblemon:textures/entity_icon/0052_meowth/meowth.png
[20:48:09] [Render thread/WARN] [JMLogger] Can't get entityTexture for cobblemon:textures/entity_icon/0821_rookidee/rookidee.png
[20:48:15] [Render thread/WARN] [JMLogger] Can't get entityTexture for cobblemon:textures/entity_icon/0010_caterpie/caterpie.png
[20:48:15] [Render thread/WARN] [JMLogger] Can't get entityTexture for cobblemon:textures/entity_icon/0016_pidgey/pidgey.png
[20:48:19] [Render thread/WARN] [JMLogger] Can't get entityTexture for cobblemon:textures/entity_icon/0548_petilil/petilil_hisui_bias.png
[20:48:26] [Render thread/WARN] [JMLogger] Can't get entityTexture for cobblemon:textures/entity_icon/0659_bunnelby/bunnelby.png
[20:48:49] [Render thread/WARN] [JMLogger] Can't get entityTexture for cobblemon:textures/entity_icon/0965_varoom/varoom.png
[20:48:55] [Render thread/WARN] [JMLogger] Can't get entityTexture for cobblemon:textures/entity_icon/0415_combee/combee.png
[20:48:55] [Render thread/WARN] [JMLogger] Can't get entityTexture for cobblemon:textures/entity_icon/0215_sneasel/sneasel_hisuian.png
[20:49:03] [Render thread/WARN] [JMLogger] Can't get entityTexture for cobblemon:textures/entity_icon/0661_fletchling/fletchling.png
[20:49:43] [Render thread/WARN] [JMLogger] Can't get entityTexture for cobblemon:textures/entity_icon/0079_slowpoke/slowpoke.png
[20:49:43] [Render thread/WARN] [JMLogger] Can't get entityTexture for cobblemon:textures/entity_icon/0263_zigzagoon/zigzagoon.png
[20:49:43] [Render thread/WARN] [JMLogger] Can't get entityTexture for cobblemon:textures/entity_icon/0296_makuhita/makuhita.png
[20:49:52] [Render thread/WARN] [JMLogger] Can't get entityTexture for cobblemon:textures/entity_icon/0019_rattata/rattata.png
[20:50:02] [Render thread/WARN] [JMLogger] Can't get entityTexture for cobblemon:textures/entity_icon/0050_diglett/diglett.png
[20:50:02] [Render thread/WARN] [JMLogger] Can't get entityTexture for cobblemon:textures/entity_icon/0041_zubat/zubat.png
[20:50:09] [Render thread/WARN] [JMLogger] Can't get entityTexture for cobblemon:textures/entity_icon/0056_mankey/mankey.png
[20:50:15] [Render thread/WARN] [JMLogger] Can't get entityTexture for cobblemon:textures/entity_icon/0216_teddiursa/teddiursa.png
[20:57:25] [Render thread/WARN] [JMLogger] Can't get entityTexture for cobblemon:textures/entity_icon/0327_spinda/spinda.png
[20:57:25] [Render thread/WARN] [JMLogger] Can't get entityTexture for cobblemon:textures/entity_icon/0585_deerling/deerling_autumn.png
[20:57:25] [Render thread/WARN] [JMLogger] Can't get entityTexture for cobblemon:textures/entity_icon/0209_snubbull/snubbull.png
[20:57:25] [Render thread/WARN] [JMLogger] Can't get entityTexture for cobblemon:textures/entity_icon/0273_seedot/seedot.png
[20:57:25] [Render thread/WARN] [JMLogger] Can't get entityTexture for cobblemon:textures/entity_icon/0669_flabebe/flabebe.png
[20:57:25] [Render thread/WARN] [JMLogger] Can't get entityTexture for cobblemon:textures/entity_icon/0163_hoothoot/hoothoot.png
[20:57:25] [Render thread/WARN] [JMLogger] Can't get entityTexture for cobblemon:textures/entity_icon/0427_buneary/buneary.png
[21:07:18] [Render thread/WARN] [JMLogger] Can't get entityTexture for cobblemon:textures/entity_icon/0396_starly/starly.png
[21:07:52] [Render thread/WARN] [JMLogger] Can't get entityTexture for cobblemon:textures/entity_icon/0599_klink/klink.png
[21:08:02] [Render thread/WARN] [JMLogger] Can't get entityTexture for cobblemon:textures/entity_icon/0057_primeape/primeape.png
[21:08:02] [Render thread/WARN] [JMLogger] Can't get entityTexture for cobblemon:textures/entity_icon/0066_machop/machop.png
[21:08:15] [Render thread/WARN] [JMLogger] Can't get entityTexture for cobblemon:textures/entity_icon/0506_lillipup/lillipup.png
[21:08:15] [Render thread/WARN] [JMLogger] Can't get entityTexture for cobblemon:textures/entity_icon/0054_psyduck/psyduck.png
[21:09:24] [Render thread/WARN] [JMLogger] Can't get entityTexture for cobblemon:textures/entity_icon/0074_geodude/geodude.png
[21:09:24] [Render thread/WARN] [JMLogger] Can't get entityTexture for cobblemon:textures/entity_icon/0216_teddiursa/teddiursa.png
[21:09:24] [Render thread/WARN] [JMLogger] Can't get entityTexture for cobblemon:textures/entity_icon/0519_pidove/pidove.png
[21:09:24] [Render thread/WARN] [JMLogger] Can't get entityTexture for cobblemon:textures/entity_icon/0506_lillipup/lillipup.png
[21:09:24] [Render thread/WARN] [JMLogger] Can't get entityTexture for cobblemon:textures/entity_icon/0396_starly/starly.png
[21:09:24] [Render thread/WARN] [JMLogger] Can't get entityTexture for cobblemon:textures/entity_icon/0548_petilil/petilil_hisui_bias.png
[21:09:24] [Render thread/WARN] [JMLogger] Can't get entityTexture for cobblemon:textures/entity_icon/0821_rookidee/rookidee.png
[21:09:30] [Render thread/WARN] [JMLogger] Can't get entityTexture for cobblemon:textures/entity_icon/0632_durant/durant.png
[21:09:30] [Render thread/WARN] [JMLogger] Can't get entityTexture for cobblemon:textures/entity_icon/0831_wooloo/wooloo.png
[21:09:30] [Render thread/WARN] [JMLogger] Can't get entityTexture for cobblemon:textures/entity_icon/0057_primeape/primeape.png
[21:09:30] [Render thread/WARN] [JMLogger] Can't get entityTexture for cobblemon:textures/entity_icon/0066_machop/machop.png
[21:09:47] [Render thread/WARN] [JMLogger] Can't get entityTexture for cobblemon:textures/entity_icon/0659_bunnelby/bunnelby.png
[21:09:47] [Render thread/WARN] [JMLogger] Can't get entityTexture for cobblemon:textures/entity_icon/0314_illumise/illumise.png
[21:09:51] [Render thread/WARN] [JMLogger] Can't get entityTexture for cobblemon:textures/entity_icon/0324_torkoal/torkoal.png
[21:09:56] [Render thread/WARN] [JMLogger] Can't get entityTexture for cobblemon:textures/entity_icon/0585_deerling/deerling_autumn.png
[21:09:59] [Render thread/WARN] [JMLogger] Can't get entityTexture for cobblemon:textures/entity_icon/0660_diggersby/diggersby.png
[21:09:59] [Render thread/WARN] [JMLogger] Can't get entityTexture for cobblemon:textures/entity_icon/0401_kricketot/kricketot.png
[21:10:03] [Render thread/WARN] [JMLogger] Can't get entityTexture for cobblemon:textures/entity_icon/0427_buneary/buneary.png
[21:10:07] [Render thread/WARN] [JMLogger] Can't get entityTexture for cobblemon:textures/entity_icon/0669_flabebe/flabebe.png
[21:10:07] [Render thread/WARN] [JMLogger] Can't get entityTexture for cobblemon:textures/entity_icon/0056_mankey/mankey.png
[21:10:22] [Render thread/WARN] [JMLogger] Can't get entityTexture for cobblemon:textures/entity_icon/0052_meowth/meowth.png
[21:11:15] [Render thread/WARN] [JMLogger] Can't get entityTexture for cobblemon:textures/entity_icon/0599_klink/klink.png
[21:11:36] [Render thread/WARN] [JMLogger] Can't get entityTexture for cobblemon:textures/entity_icon/0428_lopunny/lopunny.png
[21:11:40] [Render thread/WARN] [JMLogger] Can't get entityTexture for cobblemon:textures/entity_icon/0400_bibarel/bibarel.png
[21:29:09] [Render thread/WARN] [JMLogger] Can't get entityTexture for cobblemon:textures/entity_icon/0016_pidgey/pidgey.png
[21:29:09] [Render thread/WARN] [JMLogger] Can't get entityTexture for cobblemon:textures/entity_icon/0239_elekid/elekid.png
[21:29:09] [Render thread/WARN] [JMLogger] Can't get entityTexture for cobblemon:textures/entity_icon/0011_metapod/metapod.png
[21:29:09] [Render thread/WARN] [JMLogger] Can't get entityTexture for cobblemon:textures/entity_icon/0878_cufant/cufant.png
[21:29:09] [Render thread/WARN] [JMLogger] Can't get entityTexture for cobblemon:textures/entity_icon/0296_makuhita/makuhita.png
[21:29:09] [Render thread/WARN] [JMLogger] Can't get entityTexture for cobblemon:textures/entity_icon/0013_weedle/weedle.png
[21:29:21] [Render thread/WARN] [JMLogger] Can't get entityTexture for cobblemon:textures/entity_icon/0397_staravia/staravia.png
[21:29:46] [Render thread/WARN] [JMLogger] Can't get entityTexture for cobblemon:textures/entity_icon/0327_spinda/spinda.png
[21:30:13] [Render thread/WARN] [JMLogger] Can't get entityTexture for cobblemon:textures/entity_icon/0417_pachirisu/pachirisu.png
[21:30:21] [Render thread/WARN] [JMLogger] Can't get entityTexture for cobblemon:textures/entity_icon/0092_gastly/gastly.png
[21:30:38] [Render thread/WARN] [JMLogger] Can't get entityTexture for cobblemon:textures/entity_icon/0915_lechonk/lechonk.png
[21:31:02] [Render thread/WARN] [JMLogger] Can't get entityTexture for cobblemon:textures/entity_icon/0161_sentret/sentret.png
[21:31:02] [Render thread/WARN] [JMLogger] Can't get entityTexture for cobblemon:textures/entity_icon/0631_heatmor/heatmor.png
[21:31:08] [Render thread/WARN] [JMLogger] Can't get entityTexture for cobblemon:textures/entity_icon/0276_taillow/taillow.png
[21:32:20] [Render thread/WARN] [JMLogger] Can't get entityTexture for cobblemon:textures/entity_icon/0067_machoke/machoke.png
[21:32:35] [Render thread/WARN] [JMLogger] Can't get entityTexture for cobblemon:textures/entity_icon/0548_petilil/petilil_hisui_bias.png
[21:32:35] [Render thread/WARN] [JMLogger] Can't get entityTexture for cobblemon:textures/entity_icon/0659_bunnelby/bunnelby.png
[21:32:35] [Render thread/WARN] [JMLogger] Can't get entityTexture for cobblemon:textures/entity_icon/0074_geodude/geodude.png
[21:32:35] [Render thread/WARN] [JMLogger] Can't get entityTexture for cobblemon:textures/entity_icon/0056_mankey/mankey.png
[21:32:35] [Render thread/WARN] [JMLogger] Can't get entityTexture for cobblemon:textures/entity_icon/0296_makuhita/makuhita.png
[21:32:35] [Render thread/WARN] [JMLogger] Can't get entityTexture for cobblemon:textures/entity_icon/0669_flabebe/flabebe.png
[21:32:35] [Render thread/WARN] [JMLogger] Can't get entityTexture for cobblemon:textures/entity_icon/0831_wooloo/wooloo.png
[21:32:35] [Render thread/WARN] [JMLogger] Can't get entityTexture for cobblemon:textures/entity_icon/0067_machoke/machoke.png
[21:32:35] [Render thread/WARN] [JMLogger] Can't get entityTexture for cobblemon:textures/entity_icon/0066_machop/machop.png
[21:32:35] [Render thread/WARN] [JMLogger] Can't get entityTexture for cobblemon:textures/entity_icon/0821_rookidee/rookidee.png
[21:32:35] [Render thread/WARN] [JMLogger] Can't get entityTexture for cobblemon:textures/entity_icon/0215_sneasel/sneasel_hisuian.png
[21:32:35] [Render thread/WARN] [JMLogger] Can't get entityTexture for cobblemon:textures/entity_icon/0396_starly/starly.png
[21:33:03] [Render thread/WARN] [JMLogger] Can't get entityTexture for cobblemon:textures/entity_icon/0236_tyrogue/tyrogue.png
[21:33:03] [Render thread/WARN] [JMLogger] Can't get entityTexture for cobblemon:textures/entity_icon/0239_elekid/elekid.png
[21:33:50] [Render thread/WARN] [JMLogger] Can't get entityTexture for cobblemon:textures/entity_icon/0519_pidove/pidove.png
[21:34:27] [Render thread/WARN] [JMLogger] Can't get entityTexture for cobblemon:textures/entity_icon/0427_buneary/buneary.png
[21:35:04] [Render thread/WARN] [JMLogger] Can't get entityTexture for cobblemon:textures/entity_icon/0050_diglett/diglett.png
[21:35:09] [Render thread/WARN] [JMLogger] Can't get entityTexture for cobblemon:textures/entity_icon/0585_deerling/deerling_autumn.png
[21:35:52] [Render thread/WARN] [JMLogger] Can't get entityTexture for cobblemon:textures/entity_icon/0216_teddiursa/teddiursa.png
[21:36:13] [Render thread/WARN] [JMLogger] Can't get entityTexture for cobblemon:textures/entity_icon/0327_spinda/spinda.png
[21:36:30] [Render thread/WARN] [JMLogger] Can't get entityTexture for cobblemon:textures/entity_icon/0660_diggersby/diggersby.png
[21:37:26] [Render thread/WARN] [JMLogger] Can't get entityTexture for cobblemon:textures/entity_icon/0439_mimejr/mimejr.png
[21:39:20] [Render thread/WARN] [JMLogger] Can't get entityTexture for cobblemon:textures/entity_icon/0520_tranquill/tranquill.png
[21:40:24] [Render thread/WARN] [JMLogger] Can't get entityTexture for cobblemon:textures/entity_icon/0632_durant/durant.png
[21:40:24] [Render thread/WARN] [JMLogger] Can't get entityTexture for cobblemon:textures/entity_icon/0506_lillipup/lillipup.png
[21:40:43] [Render thread/WARN] [JMLogger] Can't get entityTexture for cobblemon:textures/entity_icon/0549_lilligant/lilligant_hisuian.png
[21:40:48] [Render thread/WARN] [JMLogger] Can't get entityTexture for cobblemon:textures/entity_icon/0439_mimejr/mimejr.png
[21:40:48] [Render thread/WARN] [JMLogger] Can't get entityTexture for cobblemon:textures/entity_icon/0066_machop/machop.png
[21:40:48] [Render thread/WARN] [JMLogger] Can't get entityTexture for cobblemon:textures/entity_icon/0074_geodude/geodude.png
[21:40:48] [Render thread/WARN] [JMLogger] Can't get entityTexture for cobblemon:textures/entity_icon/0659_bunnelby/bunnelby.png
[21:40:48] [Render thread/WARN] [JMLogger] Can't get entityTexture for cobblemon:textures/entity_icon/0520_tranquill/tranquill.png
[21:40:48] [Render thread/WARN] [JMLogger] Can't get entityTexture for cobblemon:textures/entity_icon/0396_starly/starly.png
[21:40:48] [Render thread/WARN] [JMLogger] Can't get entityTexture for cobblemon:textures/entity_icon/0669_flabebe/flabebe.png
[21:40:48] [Render thread/WARN] [JMLogger] Can't get entityTexture for cobblemon:textures/entity_icon/0632_durant/durant.png
[21:40:48] [Render thread/WARN] [JMLogger] Can't get entityTexture for cobblemon:textures/entity_icon/0506_lillipup/lillipup.png
[21:40:48] [Render thread/WARN] [JMLogger] Can't get entityTexture for cobblemon:textures/entity_icon/0056_mankey/mankey.png
[21:40:48] [Render thread/WARN] [JMLogger] Can't get entityTexture for cobblemon:textures/entity_icon/0427_buneary/buneary.png
[21:40:48] [Render thread/WARN] [JMLogger] Can't get entityTexture for cobblemon:textures/entity_icon/0549_lilligant/lilligant_hisuian.png
[21:40:48] [Render thread/WARN] [JMLogger] Can't get entityTexture for cobblemon:textures/entity_icon/0821_rookidee/rookidee.png
[21:41:02] [Render thread/WARN] [JMLogger] Can't get entityTexture for cobblemon:textures/entity_icon/0822_corvisquire/corvisquire.png
[21:41:06] [Render thread/WARN] [JMLogger] Can't get entityTexture for cobblemon:textures/entity_icon/0831_wooloo/wooloo.png
[21:41:12] [Render thread/WARN] [JMLogger] Can't get entityTexture for cobblemon:textures/entity_icon/0216_teddiursa/teddiursa.png
[21:41:25] [Render thread/WARN] [JMLogger] Can't get entityTexture for cobblemon:textures/entity_icon/0548_petilil/petilil_hisui_bias.png
[21:41:48] [Render thread/WARN] [JMLogger] Can't get entityTexture for cobblemon:textures/entity_icon/0054_psyduck/psyduck.png
[21:42:05] [Render thread/WARN] [JMLogger] Can't get entityTexture for cobblemon:textures/entity_icon/0092_gastly/gastly.png
[21:42:05] [Render thread/WARN] [JMLogger] Can't get entityTexture for cobblemon:textures/entity_icon/0167_spinarak/spinarak.png
[21:42:52] [Render thread/WARN] [JMLogger] Can't get entityTexture for cobblemon:textures/entity_icon/0660_diggersby/diggersby.png
[21:43:16] [Render thread/WARN] [JMLogger] Can't get entityTexture for cobblemon:textures/entity_icon/0020_raticate/raticate.png
[21:43:22] [Render thread/WARN] [JMLogger] Can't get entityTexture for cobblemon:textures/entity_icon/0079_slowpoke/slowpoke.png
[21:43:41] [Render thread/WARN] [JMLogger] Can't get entityTexture for cobblemon:textures/entity_icon/0324_torkoal/torkoal.png
[21:45:16] [Render thread/WARN] [JMLogger] Can't get entityTexture for cobblemon:textures/entity_icon/0399_bidoof/bidoof.png
[21:45:16] [Render thread/WARN] [JMLogger] Can't get entityTexture for cobblemon:textures/entity_icon/0924_tandemaus/tandemaus.png
[21:45:16] [Render thread/WARN] [JMLogger] Can't get entityTexture for cobblemon:textures/entity_icon/0400_bibarel/bibarel.png
[21:45:16] [Render thread/WARN] [JMLogger] Can't get entityTexture for cobblemon:textures/entity_icon/0050_diglett/diglett.png
[21:45:16] [Render thread/WARN] [JMLogger] Can't get entityTexture for cobblemon:textures/entity_icon/0019_rattata/rattata.png
[21:45:38] [Render thread/WARN] [JMLogger] Can't get entityTexture for cobblemon:textures/entity_icon/0052_meowth/meowth.png
[21:46:28] [Render thread/WARN] [JMLogger] Can't get entityTexture for cobblemon:textures/entity_icon/0273_seedot/seedot.png
[21:47:15] [Render thread/WARN] [JMLogger] Can't get entityTexture for cobblemon:textures/entity_icon/0075_graveler/graveler.png
[21:47:28] [Render thread/WARN] [JMLogger] Can't get entityTexture for cobblemon:textures/entity_icon/0216_teddiursa/teddiursa.png
[21:47:28] [Render thread/WARN] [JMLogger] Can't get entityTexture for cobblemon:textures/entity_icon/0019_rattata/rattata.png
[21:47:28] [Render thread/WARN] [JMLogger] Can't get entityTexture for cobblemon:textures/entity_icon/0074_geodude/geodude.png
[21:47:28] [Render thread/WARN] [JMLogger] Can't get entityTexture for cobblemon:textures/entity_icon/0659_bunnelby/bunnelby.png
[21:47:28] [Render thread/WARN] [JMLogger] Can't get entityTexture for cobblemon:textures/entity_icon/0427_buneary/buneary.png
[21:47:28] [Render thread/WARN] [JMLogger] Can't get entityTexture for cobblemon:textures/entity_icon/0075_graveler/graveler.png
[21:47:28] [Render thread/WARN] [JMLogger] Can't get entityTexture for cobblemon:textures/entity_icon/0056_mankey/mankey.png
[21:47:32] [Render thread/WARN] [JMLogger] Can't get entityTexture for cobblemon:textures/entity_icon/0052_meowth/meowth.png
[21:47:35] [Render thread/WARN] [JMLogger] Can't get entityTexture for cobblemon:textures/entity_icon/0092_gastly/gastly.png
[21:53:17] [Render thread/WARN] [JMLogger] Can't get entityTexture for cobblemon:textures/entity_icon/0821_rookidee/rookidee.png
[21:53:17] [Render thread/WARN] [JMLogger] Can't get entityTexture for cobblemon:textures/entity_icon/0050_diglett/diglett.png
[21:53:17] [Render thread/WARN] [JMLogger] Can't get entityTexture for cobblemon:textures/entity_icon/0396_starly/starly.png
[21:53:17] [Render thread/WARN] [JMLogger] Can't get entityTexture for cobblemon:textures/entity_icon/0066_machop/machop.png
[21:53:17] [Render thread/WARN] [JMLogger] Can't get entityTexture for cobblemon:textures/entity_icon/0519_pidove/pidove.png
[21:53:17] [Render thread/WARN] [JMLogger] Can't get entityTexture for cobblemon:textures/entity_icon/0215_sneasel/sneasel_hisuian.png
[21:53:17] [Render thread/WARN] [JMLogger] Can't get entityTexture for cobblemon:textures/entity_icon/0041_zubat/zubat.png
[21:53:17] [Render thread/WARN] [JMLogger] Can't get entityTexture for cobblemon:textures/entity_icon/0831_wooloo/wooloo.png
[21:53:52] [Render thread/WARN] [JMLogger] Can't get entityTexture for cobblemon:textures/entity_icon/0669_flabebe/flabebe.png
[21:53:52] [Render thread/WARN] [JMLogger] Can't get entityTexture for cobblemon:textures/entity_icon/0548_petilil/petilil_hisui_bias.png
[21:54:36] [Render thread/WARN] [JMLogger] Can't get entityTexture for cobblemon:textures/entity_icon/0428_lopunny/lopunny.png
[21:54:36] [Render thread/WARN] [JMLogger] Can't get entityTexture for cobblemon:textures/entity_icon/0296_makuhita/makuhita.png
[21:54:47] [Render thread/WARN] [JMLogger] Can't get entityTexture for cobblemon:textures/entity_icon/0832_dubwool/dubwool.png
[21:55:00] [Render thread/WARN] [JMLogger] Can't get entityTexture for cobblemon:textures/entity_icon/0236_tyrogue/tyrogue.png
[21:55:53] [Render thread/WARN] [JMLogger] Can't get entityTexture for cobblemon:textures/entity_icon/0585_deerling/deerling_autumn.png
[21:56:05] [Render thread/WARN] [JMLogger] Can't get entityTexture for cobblemon:textures/entity_icon/0324_torkoal/torkoal.png
[21:57:00] [Render thread/INFO] [StatTimer] TileDrawStep.updateRegionTexture hit max count, 1000000
[21:57:11] [Render thread/INFO] [StatTimer] TileDrawStep.draw(low) hit max count, 1000000
[21:57:13] [Render thread/WARN] [JMLogger] Can't get entityTexture for cobblemon:textures/entity_icon/0074_geodude/geodude.png
[21:57:13] [Render thread/WARN] [JMLogger] Can't get entityTexture for cobblemon:textures/entity_icon/0066_machop/machop.png
[21:57:13] [Render thread/WARN] [JMLogger] Can't get entityTexture for cobblemon:textures/entity_icon/0585_deerling/deerling_autumn.png
[21:57:13] [Render thread/WARN] [JMLogger] Can't get entityTexture for cobblemon:textures/entity_icon/0050_diglett/diglett.png
[21:57:13] [Render thread/WARN] [JMLogger] Can't get entityTexture for cobblemon:textures/entity_icon/0324_torkoal/torkoal.png
[21:57:13] [Render thread/WARN] [JMLogger] Can't get entityTexture for cobblemon:textures/entity_icon/0056_mankey/mankey.png
[21:57:13] [Render thread/WARN] [JMLogger] Can't get entityTexture for cobblemon:textures/entity_icon/0427_buneary/buneary.png
[21:57:13] [Render thread/WARN] [JMLogger] Can't get entityTexture for cobblemon:textures/entity_icon/0659_bunnelby/bunnelby.png
[21:57:13] [Render thread/WARN] [JMLogger] Can't get entityTexture for cobblemon:textures/entity_icon/0821_rookidee/rookidee.png
[21:57:13] [Render thread/WARN] [JMLogger] Can't get entityTexture for cobblemon:textures/entity_icon/0215_sneasel/sneasel_hisuian.png
[21:57:13] [Render thread/WARN] [JMLogger] Can't get entityTexture for cobblemon:textures/entity_icon/0396_starly/starly.png
[21:57:13] [Render thread/WARN] [JMLogger] Can't get entityTexture for cobblemon:textures/entity_icon/0548_petilil/petilil_hisui_bias.png
[21:57:34] [Render thread/WARN] [JMLogger] Can't get entityTexture for cobblemon:textures/entity_icon/0019_rattata/rattata.png
[21:58:21] [Render thread/WARN] [JMLogger] Can't get entityTexture for cobblemon:textures/entity_icon/0519_pidove/pidove.png
[21:59:19] [Render thread/WARN] [JMLogger] Can't get entityTexture for cobblemon:textures/entity_icon/0041_zubat/zubat.png
[21:59:29] [Render thread/WARN] [JMLogger] Can't get entityTexture for cobblemon:textures/entity_icon/0632_durant/durant.png
[21:59:29] [Render thread/WARN] [JMLogger] Can't get entityTexture for cobblemon:textures/entity_icon/0400_bibarel/bibarel.png
[21:59:38] [Render thread/WARN] [JMLogger] Can't get entityTexture for cobblemon:textures/entity_icon/0216_teddiursa/teddiursa.png
[21:59:57] [Render thread/WARN] [JMLogger] Can't get entityTexture for cobblemon:textures/entity_icon/0133_eevee/eevee.png
[22:00:04] [Render thread/WARN] [JMLogger] Can't get entityTexture for cobblemon:textures/entity_icon/0831_wooloo/wooloo.png
[22:00:19] [Render thread/WARN] [JMLogger] Can't get entityTexture for cobblemon:textures/entity_icon/0397_staravia/staravia.png
[22:00:34] [Render thread/WARN] [JMLogger] Can't get entityTexture for cobblemon:textures/entity_icon/0942_maschiff/maschiff.png
[22:00:40] [Render thread/WARN] [JMLogger] Can't get entityTexture for cobblemon:textures/entity_icon/0878_cufant/cufant.png
[22:01:12] [Render thread/WARN] [JMLogger] Can't get entityTexture for cobblemon:textures/entity_icon/0595_joltik/joltik.png
[22:01:21] [Render thread/WARN] [JMLogger] Can't get entityTexture for cobblemon:textures/entity_icon/0549_lilligant/lilligant_hisuian.png
[22:01:27] [Render thread/WARN] [JMLogger] Can't get entityTexture for cobblemon:textures/entity_icon/0878_cufant/cufant.png
[22:01:27] [Render thread/WARN] [JMLogger] Can't get entityTexture for cobblemon:textures/entity_icon/0659_bunnelby/bunnelby.png
[22:01:27] [Render thread/WARN] [JMLogger] Can't get entityTexture for cobblemon:textures/entity_icon/0821_rookidee/rookidee.png
[22:01:27] [Render thread/WARN] [JMLogger] Can't get entityTexture for cobblemon:textures/entity_icon/0548_petilil/petilil_hisui_bias.png
[22:01:27] [Render thread/WARN] [JMLogger] Can't get entityTexture for cobblemon:textures/entity_icon/0595_joltik/joltik.png
[22:01:27] [Render thread/WARN] [JMLogger] Can't get entityTexture for cobblemon:textures/entity_icon/0831_wooloo/wooloo.png
[22:01:33] [Render thread/WARN] [JMLogger] Can't get entityTexture for cobblemon:textures/entity_icon/0074_geodude/geodude.png
[22:01:33] [Render thread/WARN] [JMLogger] Can't get entityTexture for cobblemon:textures/entity_icon/0397_staravia/staravia.png
[22:01:33] [Render thread/WARN] [JMLogger] Can't get entityTexture for cobblemon:textures/entity_icon/0427_buneary/buneary.png
[22:01:33] [Render thread/WARN] [JMLogger] Can't get entityTexture for cobblemon:textures/entity_icon/0942_maschiff/maschiff.png
[22:01:33] [Render thread/WARN] [JMLogger] Can't get entityTexture for cobblemon:textures/entity_icon/0660_diggersby/diggersby.png
[22:01:42] [Render thread/WARN] [JMLogger] Can't get entityTexture for cobblemon:textures/entity_icon/0396_starly/starly.png
[22:01:42] [Render thread/WARN] [JMLogger] Can't get entityTexture for cobblemon:textures/entity_icon/0075_graveler/graveler.png
[22:01:42] [Render thread/WARN] [JMLogger] Can't get entityTexture for cobblemon:textures/entity_icon/0433_chingling/chingling.png
[22:02:03] [Render thread/WARN] [JMLogger] Can't get entityTexture for cobblemon:textures/entity_icon/0056_mankey/mankey.png
[22:02:06] [Render thread/WARN] [JMLogger] Can't get entityTexture for cobblemon:textures/entity_icon/0549_lilligant/lilligant_hisuian.png
[22:02:16] [Render thread/WARN] [JMLogger] Can't get entityTexture for cobblemon:textures/entity_icon/0057_primeape/primeape.png
[22:02:46] [Render thread/WARN] [JMLogger] Can't get entityTexture for cobblemon:textures/entity_icon/0110_weezing/weezing.png
[22:02:51] [Render thread/WARN] [JMLogger] Can't get entityTexture for cobblemon:textures/entity_icon/0054_psyduck/psyduck.png
[22:02:59] [Render thread/WARN] [JMLogger] Can't get entityTexture for cobblemon:textures/entity_icon/0327_spinda/spinda.png
[22:04:34] [Render thread/WARN] [JMLogger] Can't get entityTexture for cobblemon:textures/entity_icon/0041_zubat/zubat.png
[22:04:34] [Render thread/WARN] [JMLogger] Can't get entityTexture for cobblemon:textures/entity_icon/0313_volbeat/volbeat.png
[22:04:59] [Render thread/WARN] [JMLogger] Can't get entityTexture for cobblemon:textures/entity_icon/0173_cleffa/cleffa.png
[22:05:20] [Render thread/WARN] [JMLogger] Can't get entityTexture for cobblemon:textures/entity_icon/0632_durant/durant.png
[22:05:46] [Render thread/WARN] [JMLogger] Can't get entityTexture for cobblemon:textures/entity_icon/0399_bidoof/bidoof.png
[22:05:46] [Render thread/WARN] [JMLogger] Can't get entityTexture for cobblemon:textures/entity_icon/0079_slowpoke/slowpoke.png
[22:06:06] [Render thread/WARN] [JMLogger] Can't get entityTexture for cobblemon:textures/entity_icon/0821_rookidee/rookidee.png
[22:06:06] [Render thread/WARN] [JMLogger] Can't get entityTexture for cobblemon:textures/entity_icon/0660_diggersby/diggersby.png
[22:06:06] [Render thread/WARN] [JMLogger] Can't get entityTexture for cobblemon:textures/entity_icon/0659_bunnelby/bunnelby.png
[22:06:06] [Render thread/WARN] [JMLogger] Can't get entityTexture for cobblemon:textures/entity_icon/0074_geodude/geodude.png
[22:06:06] [Render thread/WARN] [JMLogger] Can't get entityTexture for cobblemon:textures/entity_icon/0054_psyduck/psyduck.png
[22:06:06] [Render thread/WARN] [JMLogger] Can't get entityTexture for cobblemon:textures/entity_icon/0427_buneary/buneary.png
[22:06:06] [Render thread/WARN] [JMLogger] Can't get entityTexture for cobblemon:textures/entity_icon/0056_mankey/mankey.png
[22:06:06] [Render thread/WARN] [JMLogger] Can't get entityTexture for cobblemon:textures/entity_icon/0632_durant/durant.png
[22:06:06] [Render thread/WARN] [JMLogger] Can't get entityTexture for cobblemon:textures/entity_icon/0399_bidoof/bidoof.png
[22:06:06] [Render thread/WARN] [JMLogger] Can't get entityTexture for cobblemon:textures/entity_icon/0079_slowpoke/slowpoke.png
[22:06:31] [Render thread/WARN] [JMLogger] Can't get entityTexture for cobblemon:textures/entity_icon/0443_gible/gible.png
[22:07:21] [Render thread/WARN] [JMLogger] Can't get entityTexture for cobblemon:textures/entity_icon/0053_persian/persian.png
[22:07:46] [Render thread/WARN] [JMLogger] Can't get entityTexture for cobblemon:textures/entity_icon/0019_rattata/rattata.png
[22:07:46] [Render thread/WARN] [JMLogger] Can't get entityTexture for cobblemon:textures/entity_icon/0324_torkoal/torkoal.png
[22:07:52] [Render thread/WARN] [JMLogger] Can't get entityTexture for cobblemon:textures/entity_icon/0313_volbeat/volbeat.png
[22:08:05] [Render thread/WARN] [JMLogger] Can't get entityTexture for cobblemon:textures/entity_icon/0585_deerling/deerling_autumn.png
[22:08:08] [Render thread/WARN] [JMLogger] Can't get entityTexture for cobblemon:textures/entity_icon/0548_petilil/petilil_hisui_bias.png
[22:08:40] [Render thread/WARN] [JMLogger] Can't get entityTexture for cobblemon:textures/entity_icon/0670_floette/floette.png
[22:08:57] [Render thread/WARN] [JMLogger] Can't get entityTexture for cobblemon:textures/entity_icon/0942_maschiff/maschiff.png
[22:09:01] [Render thread/WARN] [JMLogger] Can't get entityTexture for cobblemon:textures/entity_icon/0506_lillipup/lillipup.png
[22:14:34] [Render thread/WARN] [JMLogger] Can't get entityTexture for cobblemon:textures/entity_icon/0396_starly/starly.png
[22:14:34] [Render thread/WARN] [JMLogger] Can't get entityTexture for cobblemon:textures/entity_icon/0631_heatmor/heatmor.png
[22:14:34] [Render thread/WARN] [JMLogger] Can't get entityTexture for cobblemon:textures/entity_icon/0519_pidove/pidove.png
[22:16:27] [Render thread/WARN] [JMLogger] Can't get entityTexture for cobblemon:textures/entity_icon/0209_snubbull/snubbull.png
[22:16:27] [Render thread/WARN] [JMLogger] Can't get entityTexture for cobblemon:textures/entity_icon/0050_diglett/diglett.png
[22:16:27] [Render thread/WARN] [JMLogger] Can't get entityTexture for cobblemon:textures/entity_icon/0835_yamper/yamper.png
[22:16:27] [Render thread/WARN] [JMLogger] Can't get entityTexture for cobblemon:textures/entity_icon/0066_machop/machop.png
[22:16:27] [Render thread/WARN] [JMLogger] Can't get entityTexture for cobblemon:textures/entity_icon/0669_flabebe/flabebe.png
[22:16:36] [Render thread/WARN] [JMLogger] Can't get entityTexture for cobblemon:textures/entity_icon/0129_magikarp/magikarp.png
[22:16:48] [Render thread/WARN] [JMLogger] Can't get entityTexture for cobblemon:textures/entity_icon/0659_bunnelby/bunnelby.png
[22:16:48] [Render thread/WARN] [JMLogger] Can't get entityTexture for cobblemon:textures/entity_icon/0585_deerling/deerling_autumn.png
[22:16:48] [Render thread/WARN] [JMLogger] Can't get entityTexture for cobblemon:textures/entity_icon/0050_diglett/diglett.png
[22:16:48] [Render thread/WARN] [JMLogger] Can't get entityTexture for cobblemon:textures/entity_icon/0821_rookidee/rookidee.png
[22:16:48] [Render thread/WARN] [JMLogger] Can't get entityTexture for cobblemon:textures/entity_icon/0056_mankey/mankey.png
[22:16:48] [Render thread/WARN] [JMLogger] Can't get entityTexture for cobblemon:textures/entity_icon/0074_geodude/geodude.png
[22:16:48] [Render thread/WARN] [JMLogger] Can't get entityTexture for cobblemon:textures/entity_icon/0669_flabebe/flabebe.png
[22:16:48] [Render thread/WARN] [JMLogger] Can't get entityTexture for cobblemon:textures/entity_icon/0129_magikarp/magikarp.png
[22:16:48] [Render thread/WARN] [JMLogger] Can't get entityTexture for cobblemon:textures/entity_icon/0548_petilil/petilil_hisui_bias.png
[22:16:48] [Render thread/WARN] [JMLogger] Can't get entityTexture for cobblemon:textures/entity_icon/0427_buneary/buneary.png
[22:16:52] [Render thread/WARN] [JMLogger] Can't get entityTexture for cobblemon:textures/entity_icon/0396_starly/starly.png
[22:16:52] [Render thread/WARN] [JMLogger] Can't get entityTexture for cobblemon:textures/entity_icon/0835_yamper/yamper.png
[22:16:52] [Render thread/WARN] [JMLogger] Can't get entityTexture for cobblemon:textures/entity_icon/0519_pidove/pidove.png
[22:17:06] [Render thread/WARN] [JMLogger] Can't get entityTexture for cobblemon:textures/entity_icon/0296_makuhita/makuhita.png
[22:17:06] [Render thread/WARN] [JMLogger] Can't get entityTexture for cobblemon:textures/entity_icon/0666_vivillon/vivillon.png
[22:17:12] [Render thread/WARN] [JMLogger] Can't get entityTexture for cobblemon:textures/entity_icon/0831_wooloo/wooloo.png
[22:17:12] [Render thread/WARN] [JMLogger] Can't get entityTexture for cobblemon:textures/entity_icon/0054_psyduck/psyduck.png
[22:17:32] [Render thread/WARN] [JMLogger] Can't get entityTexture for cobblemon:textures/entity_icon/0020_raticate/raticate.png
[22:17:53] [Render thread/WARN] [JMLogger] Can't get entityTexture for cobblemon:textures/entity_icon/0903_sneasler/sneasler.png
[22:17:59] [Render thread/WARN] [JMLogger] Can't get entityTexture for cobblemon:textures/entity_icon/0066_machop/machop.png
[22:18:05] [Render thread/WARN] [JMLogger] Can't get entityTexture for cobblemon:textures/entity_icon/0324_torkoal/torkoal.png
[22:19:02] [Render thread/WARN] [JMLogger] Can't get entityTexture for cobblemon:textures/entity_icon/0397_staravia/staravia.png
[22:19:14] [Render thread/WARN] [JMLogger] Can't get entityTexture for cobblemon:textures/entity_icon/0100_voltorb/voltorb.png
[22:19:24] [Render thread/WARN] [JMLogger] Can't get entityTexture for cobblemon:textures/entity_icon/0079_slowpoke/slowpoke.png
[22:20:14] [Render thread/WARN] [JMLogger] Can't get entityTexture for cobblemon:textures/entity_icon/0965_varoom/varoom.png
[22:20:36] [Render thread/WARN] [JMLogger] Can't get entityTexture for cobblemon:textures/entity_icon/0631_heatmor/heatmor.png
[22:21:13] [Render thread/WARN] [JMLogger] Can't get entityTexture for cobblemon:textures/entity_icon/0054_psyduck/psyduck.png
[22:21:13] [Render thread/WARN] [JMLogger] Can't get entityTexture for cobblemon:textures/entity_icon/0074_geodude/geodude.png
[22:21:13] [Render thread/WARN] [JMLogger] Can't get entityTexture for cobblemon:textures/entity_icon/0519_pidove/pidove.png
[22:21:13] [Render thread/WARN] [JMLogger] Can't get entityTexture for cobblemon:textures/entity_icon/0631_heatmor/heatmor.png
[22:21:13] [Render thread/WARN] [JMLogger] Can't get entityTexture for cobblemon:textures/entity_icon/0659_bunnelby/bunnelby.png
[22:21:13] [Render thread/WARN] [JMLogger] Can't get entityTexture for cobblemon:textures/entity_icon/0427_buneary/buneary.png
[22:21:13] [Render thread/WARN] [JMLogger] Can't get entityTexture for cobblemon:textures/entity_icon/0396_starly/starly.png
[22:21:13] [Render thread/WARN] [JMLogger] Can't get entityTexture for cobblemon:textures/entity_icon/0296_makuhita/makuhita.png
[22:21:13] [Render thread/WARN] [JMLogger] Can't get entityTexture for cobblemon:textures/entity_icon/0079_slowpoke/slowpoke.png
[22:21:13] [Render thread/WARN] [JMLogger] Can't get entityTexture for cobblemon:textures/entity_icon/0129_magikarp/magikarp.png
[22:21:13] [Render thread/WARN] [JMLogger] Can't get entityTexture for cobblemon:textures/entity_icon/0050_diglett/diglett.png
[22:21:13] [Render thread/WARN] [JMLogger] Can't get entityTexture for cobblemon:textures/entity_icon/0669_flabebe/flabebe.png
[22:21:17] [Render thread/WARN] [JMLogger] Can't get entityTexture for cobblemon:textures/entity_icon/0056_mankey/mankey.png
[22:21:17] [Render thread/WARN] [JMLogger] Can't get entityTexture for cobblemon:textures/entity_icon/0821_rookidee/rookidee.png
[22:21:26] [Render thread/WARN] [JMLogger] Can't get entityTexture for cobblemon:textures/entity_icon/0832_dubwool/dubwool.png
[22:21:43] [Render thread/WARN] [JMLogger] Can't get entityTexture for cobblemon:textures/entity_icon/0173_cleffa/cleffa.png
[22:22:05] [Render thread/WARN] [JMLogger] Can't get entityTexture for cobblemon:textures/entity_icon/0632_durant/durant.png
[22:22:26] [Render thread/WARN] [JMLogger] Can't get entityTexture for cobblemon:textures/entity_icon/0057_primeape/primeape.png
[22:22:54] [Render thread/WARN] [JMLogger] Can't get entityTexture for cobblemon:textures/entity_icon/0216_teddiursa/teddiursa.png
[22:22:57] [Render thread/WARN] [JMLogger] Can't get entityTexture for cobblemon:textures/entity_icon/0075_graveler/graveler.png
[22:23:18] [Render thread/WARN] [JMLogger] Can't get entityTexture for cobblemon:textures/entity_icon/0118_goldeen/goldeen.png
[22:23:18] [Render thread/WARN] [JMLogger] Can't get entityTexture for cobblemon:textures/entity_icon/0425_drifloon/drifloon.png
[22:23:18] [Render thread/WARN] [JMLogger] Can't get entityTexture for cobblemon:textures/entity_icon/0399_bidoof/bidoof.png
[22:23:52] [Render thread/WARN] [JMLogger] Can't get entityTexture for cobblemon:textures/entity_icon/0096_drowzee/drowzee.png
[22:23:58] [Render thread/WARN] [JMLogger] Can't get entityTexture for cobblemon:textures/entity_icon/0660_diggersby/diggersby.png
[22:24:39] [Render thread/WARN] [JMLogger] Can't get entityTexture for cobblemon:textures/entity_icon/0314_illumise/illumise.png
[22:25:00] [Render thread/WARN] [JMLogger] Can't get entityTexture for cobblemon:textures/entity_icon/0066_machop/machop.png
[22:25:03] [Render thread/WARN] [JMLogger] Can't get entityTexture for cobblemon:textures/entity_icon/0041_zubat/zubat.png
[22:25:18] [Render thread/WARN] [JMLogger] Can't get entityTexture for cobblemon:textures/entity_icon/0548_petilil/petilil_hisui_bias.png
[22:25:21] [Render thread/WARN] [JMLogger] Can't get entityTexture for cobblemon:textures/entity_icon/0427_buneary/buneary.png
[22:25:21] [Render thread/WARN] [JMLogger] Can't get entityTexture for cobblemon:textures/entity_icon/0669_flabebe/flabebe.png
[22:25:21] [Render thread/WARN] [JMLogger] Can't get entityTexture for cobblemon:textures/entity_icon/0074_geodude/geodude.png
[22:25:21] [Render thread/WARN] [JMLogger] Can't get entityTexture for cobblemon:textures/entity_icon/0659_bunnelby/bunnelby.png
[22:25:21] [Render thread/WARN] [JMLogger] Can't get entityTexture for cobblemon:textures/entity_icon/0057_primeape/primeape.png
[22:25:21] [Render thread/WARN] [JMLogger] Can't get entityTexture for cobblemon:textures/entity_icon/0314_illumise/illumise.png
[22:25:21] [Render thread/WARN] [JMLogger] Can't get entityTexture for cobblemon:textures/entity_icon/0056_mankey/mankey.png
[22:25:21] [Render thread/WARN] [JMLogger] Can't get entityTexture for cobblemon:textures/entity_icon/0066_machop/machop.png
[22:25:21] [Render thread/WARN] [JMLogger] Can't get entityTexture for cobblemon:textures/entity_icon/0216_teddiursa/teddiursa.png
[22:25:21] [Render thread/WARN] [JMLogger] Can't get entityTexture for cobblemon:textures/entity_icon/0041_zubat/zubat.png
[22:25:21] [Render thread/WARN] [JMLogger] Can't get entityTexture for cobblemon:textures/entity_icon/0173_cleffa/cleffa.png
[22:25:21] [Render thread/WARN] [JMLogger] Can't get entityTexture for cobblemon:textures/entity_icon/0548_petilil/petilil_hisui_bias.png
[22:25:28] [Render thread/WARN] [JMLogger] Can't get entityTexture for cobblemon:textures/entity_icon/0075_graveler/graveler.png
[22:25:35] [Render thread/WARN] [JMLogger] Can't get entityTexture for cobblemon:textures/entity_icon/0425_drifloon/drifloon.png
[22:25:35] [Render thread/WARN] [JMLogger] Can't get entityTexture for cobblemon:textures/entity_icon/0054_psyduck/psyduck.png
[22:25:41] [Render thread/WARN] [JMLogger] Can't get entityTexture for cobblemon:textures/entity_icon/0239_elekid/elekid.png
[22:25:44] [Render thread/WARN] [JMLogger] Can't get entityTexture for cobblemon:textures/entity_icon/0632_durant/durant.png
[22:27:40] [Render thread/WARN] [JMLogger] Can't get entityTexture for cobblemon:textures/entity_icon/0217_ursaring/ursaring.png
[22:27:58] [Render thread/WARN] [JMLogger] Can't get entityTexture for cobblemon:textures/entity_icon/0167_spinarak/spinarak.png
[22:28:26] [Render thread/WARN] [JMLogger] Can't get entityTexture for cobblemon:textures/entity_icon/0428_lopunny/lopunny.png
[22:30:09] [Render thread/WARN] [JMLogger] Can't get entityTexture for cobblemon:textures/entity_icon/0926_fidough/fidough.png
[22:30:09] [Render thread/WARN] [JMLogger] Can't get entityTexture for cobblemon:textures/entity_icon/0052_meowth/meowth.png
[22:30:41] [Render thread/WARN] [JMLogger] Can't get entityTexture for cobblemon:textures/entity_icon/0519_pidove/pidove.png
[22:30:41] [Render thread/WARN] [JMLogger] Can't get entityTexture for cobblemon:textures/entity_icon/0304_aron/aron.png
[22:30:44] [Render thread/WARN] [JMLogger] Can't get entityTexture for cobblemon:textures/entity_icon/0632_durant/durant.png
[22:30:44] [Render thread/WARN] [JMLogger] Can't get entityTexture for cobblemon:textures/entity_icon/0427_buneary/buneary.png
[22:30:44] [Render thread/WARN] [JMLogger] Can't get entityTexture for cobblemon:textures/entity_icon/0054_psyduck/psyduck.png
[22:30:44] [Render thread/WARN] [JMLogger] Can't get entityTexture for cobblemon:textures/entity_icon/0659_bunnelby/bunnelby.png
[22:30:44] [Render thread/WARN] [JMLogger] Can't get entityTexture for cobblemon:textures/entity_icon/0074_geodude/geodude.png
[22:30:44] [Render thread/WARN] [JMLogger] Can't get entityTexture for cobblemon:textures/entity_icon/0519_pidove/pidove.png
[22:30:44] [Render thread/WARN] [JMLogger] Can't get entityTexture for cobblemon:textures/entity_icon/0304_aron/aron.png
[22:30:50] [Render thread/WARN] [JMLogger] Can't get entityTexture for cobblemon:textures/entity_icon/0056_mankey/mankey.png
[22:30:50] [Render thread/WARN] [JMLogger] Can't get entityTexture for cobblemon:textures/entity_icon/0057_primeape/primeape.png
[22:30:50] [Render thread/WARN] [JMLogger] Can't get entityTexture for cobblemon:textures/entity_icon/0216_teddiursa/teddiursa.png
[22:30:50] [Render thread/WARN] [JMLogger] Can't get entityTexture for cobblemon:textures/entity_icon/0926_fidough/fidough.png
[22:30:50] [Render thread/WARN] [JMLogger] Can't get entityTexture for cobblemon:textures/entity_icon/0585_deerling/deerling_autumn.png
[22:30:50] [Render thread/WARN] [JMLogger] Can't get entityTexture for cobblemon:textures/entity_icon/0129_magikarp/magikarp.png
[22:31:02] [Render thread/WARN] [JMLogger] Can't get entityTexture for cobblemon:textures/entity_icon/0296_makuhita/makuhita.png
[22:31:35] [Render thread/WARN] [JMLogger] Can't get entityTexture for cobblemon:textures/entity_icon/0327_spinda/spinda.png
[22:31:41] [Render thread/WARN] [JMLogger] Can't get entityTexture for cobblemon:textures/entity_icon/0079_slowpoke/slowpoke.png
[22:32:02] [Render thread/WARN] [JMLogger] Can't get entityTexture for cobblemon:textures/entity_icon/0831_wooloo/wooloo.png
[22:32:06] [Render thread/WARN] [JMLogger] Can't get entityTexture for cobblemon:textures/entity_icon/0050_diglett/diglett.png
[22:32:43] [Render thread/WARN] [JMLogger] Can't get entityTexture for cobblemon:textures/entity_icon/0019_rattata/rattata.png
[22:32:47] [Render thread/WARN] [JMLogger] Can't get entityTexture for cobblemon:textures/entity_icon/0548_petilil/petilil_hisui_bias.png
[22:32:59] [Render thread/WARN] [JMLogger] Can't get entityTexture for cobblemon:textures/entity_icon/0821_rookidee/rookidee.png
[22:33:05] [Render thread/WARN] [JMLogger] Can't get entityTexture for cobblemon:textures/entity_icon/0520_tranquill/tranquill.png
[22:33:15] [Render thread/WARN] [JMLogger] Can't get entityTexture for cobblemon:textures/entity_icon/0397_staravia/staravia.png
[22:33:24] [Render thread/WARN] [JMLogger] Can't get entityTexture for cobblemon:textures/entity_icon/0399_bidoof/bidoof.png
[22:33:43] [Render thread/WARN] [JMLogger] Can't get entityTexture for cobblemon:textures/entity_icon/0549_lilligant/lilligant_hisuian.png
[22:33:43] [Render thread/WARN] [JMLogger] Can't get entityTexture for cobblemon:textures/entity_icon/0299_nosepass/nosepass.png
[22:34:00] [Render thread/WARN] [JMLogger] Can't get entityTexture for cobblemon:textures/entity_icon/0595_joltik/joltik.png
[22:34:03] [Render thread/WARN] [JMLogger] Can't get entityTexture for cobblemon:textures/entity_icon/0109_koffing/koffing.png
[22:34:03] [Render thread/WARN] [JMLogger] Can't get entityTexture for cobblemon:textures/entity_icon/0418_buizel/buizel.png
[22:34:13] [Render thread/WARN] [JMLogger] Can't get entityTexture for cobblemon:textures/entity_icon/0324_torkoal/torkoal.png
[22:34:19] [Render thread/WARN] [JMLogger] Can't get entityTexture for cobblemon:textures/entity_icon/0396_starly/starly.png
[22:34:25] [Render thread/WARN] [JMLogger] Can't get entityTexture for cobblemon:textures/entity_icon/0669_flabebe/flabebe.png
[22:34:59] [Render thread/WARN] [JMLogger] Can't get entityTexture for cobblemon:textures/entity_icon/0066_machop/machop.png
[22:35:05] [Render thread/WARN] [JMLogger] Can't get entityTexture for cobblemon:textures/entity_icon/0595_joltik/joltik.png
[22:35:05] [Render thread/WARN] [JMLogger] Can't get entityTexture for cobblemon:textures/entity_icon/0109_koffing/koffing.png
[22:35:05] [Render thread/WARN] [JMLogger] Can't get entityTexture for cobblemon:textures/entity_icon/0418_buizel/buizel.png
[22:35:05] [Render thread/WARN] [JMLogger] Can't get entityTexture for cobblemon:textures/entity_icon/0324_torkoal/torkoal.png
[22:35:05] [Render thread/WARN] [JMLogger] Can't get entityTexture for cobblemon:textures/entity_icon/0054_psyduck/psyduck.png
[22:35:05] [Render thread/WARN] [JMLogger] Can't get entityTexture for cobblemon:textures/entity_icon/0669_flabebe/flabebe.png
[22:35:05] [Render thread/WARN] [JMLogger] Can't get entityTexture for cobblemon:textures/entity_icon/0659_bunnelby/bunnelby.png
[22:35:05] [Render thread/WARN] [JMLogger] Can't get entityTexture for cobblemon:textures/entity_icon/0396_starly/starly.png
[22:35:05] [Render thread/WARN] [JMLogger] Can't get entityTexture for cobblemon:textures/entity_icon/0056_mankey/mankey.png
[22:35:05] [Render thread/WARN] [JMLogger] Can't get entityTexture for cobblemon:textures/entity_icon/0066_machop/machop.png
[22:35:05] [Render thread/WARN] [JMLogger] Can't get entityTexture for cobblemon:textures/entity_icon/0926_fidough/fidough.png
[22:35:05] [Render thread/WARN] [JMLogger] Can't get entityTexture for cobblemon:textures/entity_icon/0074_geodude/geodude.png
[22:35:05] [Render thread/WARN] [JMLogger] Can't get entityTexture for cobblemon:textures/entity_icon/0519_pidove/pidove.png
[22:35:11] [Render thread/WARN] [JMLogger] Can't get entityTexture for cobblemon:textures/entity_icon/0548_petilil/petilil_hisui_bias.png
[22:35:11] [Render thread/WARN] [JMLogger] Can't get entityTexture for cobblemon:textures/entity_icon/0299_nosepass/nosepass.png
[22:35:15] [Render thread/WARN] [JMLogger] Can't get entityTexture for cobblemon:textures/entity_icon/0821_rookidee/rookidee.png
[22:35:18] [Render thread/WARN] [JMLogger] Can't get entityTexture for cobblemon:textures/entity_icon/0585_deerling/deerling_autumn.png
[22:35:18] [Render thread/WARN] [JMLogger] Can't get entityTexture for cobblemon:textures/entity_icon/0041_zubat/zubat.png
[22:35:56] [Render thread/WARN] [JMLogger] Can't get entityTexture for cobblemon:textures/entity_icon/0050_diglett/diglett.png
[22:36:08] [Render thread/WARN] [JMLogger] Can't get entityTexture for cobblemon:textures/entity_icon/0427_buneary/buneary.png
[22:36:15] [Render thread/WARN] [JMLogger] Can't get entityTexture for cobblemon:textures/entity_icon/0019_rattata/rattata.png
[22:36:25] [Render thread/WARN] [JMLogger] Can't get entityTexture for cobblemon:textures/entity_icon/0632_durant/durant.png
[22:36:29] [Render thread/WARN] [JMLogger] Can't get entityTexture for cobblemon:textures/entity_icon/0118_goldeen/goldeen.png
[22:37:09] [Render thread/WARN] [JMLogger] Can't get entityTexture for cobblemon:textures/entity_icon/0399_bidoof/bidoof.png
[22:37:41] [Render thread/WARN] [JMLogger] Can't get entityTexture for cobblemon:textures/entity_icon/0079_slowpoke/slowpoke.png
[22:37:41] [Render thread/WARN] [JMLogger] Can't get entityTexture for cobblemon:textures/entity_icon/0296_makuhita/makuhita.png
[22:37:44] [Render thread/WARN] [JMLogger] Can't get entityTexture for cobblemon:textures/entity_icon/0443_gible/gible.png
[22:38:02] [Render thread/WARN] [JMLogger] Can't get entityTexture for cobblemon:textures/entity_icon/0742_cutiefly/cutiefly.png
[22:38:05] [Render thread/WARN] [JMLogger] Can't get entityTexture for cobblemon:textures/entity_icon/0419_floatzel/floatzel.png
[22:38:21] [Render thread/WARN] [JMLogger] Can't get entityTexture for cobblemon:textures/entity_icon/0215_sneasel/sneasel_hisuian.png
[22:38:43] [Render thread/WARN] [JMLogger] Can't get entityTexture for cobblemon:textures/entity_icon/0079_slowpoke/slowpoke.png
[22:38:43] [Render thread/WARN] [JMLogger] Can't get entityTexture for cobblemon:textures/entity_icon/0443_gible/gible.png
[22:38:43] [Render thread/WARN] [JMLogger] Can't get entityTexture for cobblemon:textures/entity_icon/0074_geodude/geodude.png
[22:38:43] [Render thread/WARN] [JMLogger] Can't get entityTexture for cobblemon:textures/entity_icon/0742_cutiefly/cutiefly.png
[22:38:43] [Render thread/WARN] [JMLogger] Can't get entityTexture for cobblemon:textures/entity_icon/0419_floatzel/floatzel.png
[22:38:43] [Render thread/WARN] [JMLogger] Can't get entityTexture for cobblemon:textures/entity_icon/0519_pidove/pidove.png
[22:38:43] [Render thread/WARN] [JMLogger] Can't get entityTexture for cobblemon:textures/entity_icon/0215_sneasel/sneasel_hisuian.png
[22:38:43] [Render thread/WARN] [JMLogger] Can't get entityTexture for cobblemon:textures/entity_icon/0396_starly/starly.png
[22:38:43] [Render thread/WARN] [JMLogger] Can't get entityTexture for cobblemon:textures/entity_icon/0821_rookidee/rookidee.png
[22:38:43] [Render thread/WARN] [JMLogger] Can't get entityTexture for cobblemon:textures/entity_icon/0118_goldeen/goldeen.png
[22:38:43] [Render thread/WARN] [JMLogger] Can't get entityTexture for cobblemon:textures/entity_icon/0296_makuhita/makuhita.png
[22:38:48] [Render thread/WARN] [JMLogger] Can't get entityTexture for cobblemon:textures/entity_icon/0659_bunnelby/bunnelby.png
[22:38:48] [Render thread/WARN] [JMLogger] Can't get entityTexture for cobblemon:textures/entity_icon/0056_mankey/mankey.png
[22:38:48] [Render thread/WARN] [JMLogger] Can't get entityTexture for cobblemon:textures/entity_icon/0019_rattata/rattata.png
[22:38:55] [Render thread/WARN] [JMLogger] Can't get entityTexture for cobblemon:textures/entity_icon/0548_petilil/petilil_hisui_bias.png
[22:39:22] [Render thread/WARN] [JMLogger] Can't get entityTexture for cobblemon:textures/entity_icon/0822_corvisquire/corvisquire.png
[22:39:28] [Render thread/WARN] [JMLogger] Can't get entityTexture for cobblemon:textures/entity_icon/0427_buneary/buneary.png
[22:40:03] [Render thread/WARN] [JMLogger] Can't get entityTexture for cobblemon:textures/entity_icon/0129_magikarp/magikarp.png
[22:40:19] [Render thread/WARN] [JMLogger] Can't get entityTexture for cobblemon:textures/entity_icon/0585_deerling/deerling_autumn.png
[22:40:25] [Render thread/WARN] [JMLogger] Can't get entityTexture for cobblemon:textures/entity_icon/0399_bidoof/bidoof.png
[22:40:32] [Render thread/WARN] [JMLogger] Can't get entityTexture for cobblemon:textures/entity_icon/0400_bibarel/bibarel.png
[22:40:35] [Render thread/WARN] [JMLogger] Can't get entityTexture for cobblemon:textures/entity_icon/0669_flabebe/flabebe.png
[22:40:47] [Render thread/WARN] [JMLogger] Can't get entityTexture for cobblemon:textures/entity_icon/0066_machop/machop.png
[22:40:56] [Render thread/WARN] [JMLogger] Can't get entityTexture for cobblemon:textures/entity_icon/0831_wooloo/wooloo.png
[22:40:56] [Render thread/WARN] [JMLogger] Can't get entityTexture for cobblemon:textures/entity_icon/0464_rhyperior/rhyperior.png
[22:40:59] [Render thread/WARN] [JMLogger] Can't get entityTexture for cobblemon:textures/entity_icon/0660_diggersby/diggersby.png
[22:42:17] [Render thread/WARN] [JMLogger] Can't get entityTexture for cobblemon:textures/entity_icon/0532_timburr/timburr.png
[22:42:17] [Render thread/WARN] [JMLogger] Can't get entityTexture for cobblemon:textures/entity_icon/0216_teddiursa/teddiursa.png
[22:42:17] [Render thread/WARN] [JMLogger] Can't get entityTexture for cobblemon:textures/entity_icon/0052_meowth/meowth.png
[22:42:17] [Render thread/WARN] [JMLogger] Can't get entityTexture for cobblemon:textures/entity_icon/0054_psyduck/psyduck.png
[22:42:37] [Render thread/WARN] [JMLogger] Can't get entityTexture for cobblemon:textures/entity_icon/0632_durant/durant.png
[22:42:41] [Render thread/WARN] [JMLogger] Can't get entityTexture for cobblemon:textures/entity_icon/0418_buizel/buizel.png
[22:43:24] [Render thread/WARN] [JMLogger] Can't get entityTexture for cobblemon:textures/entity_icon/0337_lunatone/lunatone.png
[22:43:24] [Render thread/WARN] [JMLogger] Can't get entityTexture for cobblemon:textures/entity_icon/0327_spinda/spinda.png
[22:43:44] [Render thread/WARN] [JMLogger] Can't get entityTexture for cobblemon:textures/entity_icon/0058_growlithe/growlithe.png
[22:43:50] [Render thread/WARN] [JMLogger] Can't get entityTexture for cobblemon:textures/entity_icon/0832_dubwool/dubwool.png
[22:44:22] [Render thread/WARN] [JMLogger] Can't get entityTexture for cobblemon:textures/entity_icon/0056_mankey/mankey.png
[22:44:22] [Render thread/WARN] [JMLogger] Can't get entityTexture for cobblemon:textures/entity_icon/0632_durant/durant.png
[22:44:22] [Render thread/WARN] [JMLogger] Can't get entityTexture for cobblemon:textures/entity_icon/0058_growlithe/growlithe.png
[22:44:22] [Render thread/WARN] [JMLogger] Can't get entityTexture for cobblemon:textures/entity_icon/0074_geodude/geodude.png
[22:44:22] [Render thread/WARN] [JMLogger] Can't get entityTexture for cobblemon:textures/entity_icon/0832_dubwool/dubwool.png
[22:44:22] [Render thread/WARN] [JMLogger] Can't get entityTexture for cobblemon:textures/entity_icon/0831_wooloo/wooloo.png
[22:44:22] [Render thread/WARN] [JMLogger] Can't get entityTexture for cobblemon:textures/entity_icon/0427_buneary/buneary.png
[22:44:22] [Render thread/WARN] [JMLogger] Can't get entityTexture for cobblemon:textures/entity_icon/0659_bunnelby/bunnelby.png
[22:44:22] [Render thread/WARN] [JMLogger] Can't get entityTexture for cobblemon:textures/entity_icon/0079_slowpoke/slowpoke.png
[22:44:27] [Render thread/WARN] [JMLogger] Can't get entityTexture for cobblemon:textures/entity_icon/0519_pidove/pidove.png
[22:44:27] [Render thread/WARN] [JMLogger] Can't get entityTexture for cobblemon:textures/entity_icon/0054_psyduck/psyduck.png
[22:44:27] [Render thread/WARN] [JMLogger] Can't get entityTexture for cobblemon:textures/entity_icon/0327_spinda/spinda.png
[22:44:27] [Render thread/WARN] [JMLogger] Can't get entityTexture for cobblemon:textures/entity_icon/0669_flabebe/flabebe.png
[22:44:38] [Render thread/WARN] [JMLogger] Can't get entityTexture for cobblemon:textures/entity_icon/0585_deerling/deerling_autumn.png
[22:44:38] [Render thread/WARN] [JMLogger] Can't get entityTexture for cobblemon:textures/entity_icon/0418_buizel/buizel.png
[22:44:38] [Render thread/WARN] [JMLogger] Can't get entityTexture for cobblemon:textures/entity_icon/0092_gastly/gastly.png
[22:46:07] [Render thread/WARN] [JMLogger] Can't get entityTexture for cobblemon:textures/entity_icon/0167_spinarak/spinarak.png
[22:46:07] [Render thread/WARN] [JMLogger] Can't get entityTexture for cobblemon:textures/entity_icon/0100_voltorb/voltorb.png
[22:46:07] [Render thread/WARN] [JMLogger] Can't get entityTexture for cobblemon:textures/entity_icon/0314_illumise/illumise.png
[22:46:07] [Render thread/WARN] [JMLogger] Can't get entityTexture for cobblemon:textures/entity_icon/0118_goldeen/goldeen.png
[22:46:07] [Render thread/WARN] [JMLogger] Can't get entityTexture for cobblemon:textures/entity_icon/0660_diggersby/diggersby.png
[22:46:07] [Render thread/WARN] [JMLogger] Can't get entityTexture for cobblemon:textures/entity_icon/0399_bidoof/bidoof.png
[22:46:07] [Render thread/WARN] [JMLogger] Can't get entityTexture for cobblemon:textures/entity_icon/0066_machop/machop.png
[22:46:12] [Render thread/WARN] [JMLogger] Can't get entityTexture for cobblemon:textures/entity_icon/0013_weedle/weedle.png
[22:46:12] [Render thread/WARN] [JMLogger] Can't get entityTexture for cobblemon:textures/entity_icon/0051_dugtrio/dugtrio.png
[22:46:27] [Render thread/WARN] [JMLogger] Can't get entityTexture for cobblemon:textures/entity_icon/0216_teddiursa/teddiursa.png
[22:46:32] [Render thread/WARN] [JMLogger] Can't get entityTexture for cobblemon:textures/entity_icon/0400_bibarel/bibarel.png
[22:46:53] [Render thread/WARN] [JMLogger] Can't get entityTexture for cobblemon:textures/entity_icon/0428_lopunny/lopunny.png
[22:47:04] [Render thread/WARN] [JMLogger] Can't get entityTexture for cobblemon:textures/entity_icon/0506_lillipup/lillipup.png
[22:47:18] [Render thread/WARN] [JMLogger] Can't get entityTexture for cobblemon:textures/entity_icon/0313_volbeat/volbeat.png
[22:47:56] [Render thread/WARN] [JMLogger] Can't get entityTexture for cobblemon:textures/entity_icon/0924_tandemaus/tandemaus.png
[22:48:26] [Render thread/WARN] [JMLogger] Can't get entityTexture for cobblemon:textures/entity_icon/0129_magikarp/magikarp.png
[22:48:51] [Render thread/WARN] [StatTimer] TileDrawStep.updateScaledTexture was slow: 194.6975 (Warning limit reached)
[22:48:53] [Render thread/WARN] [StatTimer] TileDrawStep.updateScaledTexture: Avg:     0.02ms, Min:        0ms, Max:     202.99ms, Total:          4 sec, Count:   186937, Canceled:        0, Slow:       10
[22:49:06] [Render thread/WARN] [JMLogger] Can't get entityTexture for cobblemon:textures/entity_icon/0548_petilil/petilil_hisui_bias.png
[22:49:06] [Render thread/WARN] [JMLogger] Can't get entityTexture for cobblemon:textures/entity_icon/0631_heatmor/heatmor.png
[22:49:10] [Render thread/WARN] [JMLogger] Can't get entityTexture for cobblemon:textures/entity_icon/0050_diglett/diglett.png
[22:49:38] [Render thread/WARN] [JMLogger] Can't get entityTexture for cobblemon:textures/entity_icon/0427_buneary/buneary.png
[22:49:38] [Render thread/WARN] [JMLogger] Can't get entityTexture for cobblemon:textures/entity_icon/0056_mankey/mankey.png
[22:49:38] [Render thread/WARN] [JMLogger] Can't get entityTexture for cobblemon:textures/entity_icon/0659_bunnelby/bunnelby.png
[22:49:38] [Render thread/WARN] [JMLogger] Can't get entityTexture for cobblemon:textures/entity_icon/0548_petilil/petilil_hisui_bias.png
[22:49:38] [Render thread/WARN] [JMLogger] Can't get entityTexture for cobblemon:textures/entity_icon/0631_heatmor/heatmor.png
[22:49:38] [Render thread/WARN] [JMLogger] Can't get entityTexture for cobblemon:textures/entity_icon/0050_diglett/diglett.png
[22:49:38] [Render thread/WARN] [JMLogger] Can't get entityTexture for cobblemon:textures/entity_icon/0074_geodude/geodude.png
[22:49:38] [Render thread/WARN] [JMLogger] Can't get entityTexture for cobblemon:textures/entity_icon/0079_slowpoke/slowpoke.png
[22:49:38] [Render thread/WARN] [JMLogger] Can't get entityTexture for cobblemon:textures/entity_icon/0129_magikarp/magikarp.png
[22:49:42] [Render thread/WARN] [JMLogger] Can't get entityTexture for cobblemon:textures/entity_icon/0216_teddiursa/teddiursa.png
[22:49:42] [Render thread/WARN] [JMLogger] Can't get entityTexture for cobblemon:textures/entity_icon/0428_lopunny/lopunny.png
[22:49:42] [Render thread/WARN] [JMLogger] Can't get entityTexture for cobblemon:textures/entity_icon/0313_volbeat/volbeat.png
[22:49:42] [Render thread/WARN] [JMLogger] Can't get entityTexture for cobblemon:textures/entity_icon/0092_gastly/gastly.png
[22:50:24] [Render thread/WARN] [JMLogger] Can't get entityTexture for cobblemon:textures/entity_icon/0052_meowth/meowth.png
[22:50:40] [Render thread/WARN] [JMLogger] Can't get entityTexture for cobblemon:textures/entity_icon/0585_deerling/deerling_autumn.png
[22:50:40] [Render thread/WARN] [JMLogger] Can't get entityTexture for cobblemon:textures/entity_icon/0118_goldeen/goldeen.png
[22:50:48] [Render thread/WARN] [JMLogger] Can't get entityTexture for cobblemon:textures/entity_icon/0296_makuhita/makuhita.png
[22:50:54] [Render thread/WARN] [JMLogger] Can't get entityTexture for cobblemon:textures/entity_icon/0742_cutiefly/cutiefly.png
[22:50:58] [Render thread/WARN] [JMLogger] Can't get entityTexture for cobblemon:textures/entity_icon/0821_rookidee/rookidee.png
[22:51:04] [Render thread/WARN] [JMLogger] Can't get entityTexture for cobblemon:textures/entity_icon/0066_machop/machop.png
[22:51:10] [Render thread/WARN] [JMLogger] Can't get entityTexture for cobblemon:textures/entity_icon/0831_wooloo/wooloo.png
[22:51:10] [Render thread/WARN] [JMLogger] Can't get entityTexture for cobblemon:textures/entity_icon/0396_starly/starly.png
[22:51:14] [Render thread/WARN] [JMLogger] Can't get entityTexture for cobblemon:textures/entity_icon/0660_diggersby/diggersby.png
[22:51:14] [Render thread/WARN] [JMLogger] Can't get entityTexture for cobblemon:textures/entity_icon/0167_spinarak/spinarak.png
[22:51:26] [Render thread/WARN] [JMLogger] Can't get entityTexture for cobblemon:textures/entity_icon/0822_corvisquire/corvisquire.png
[22:51:26] [Render thread/WARN] [JMLogger] Can't get entityTexture for cobblemon:textures/entity_icon/0399_bidoof/bidoof.png
[22:51:26] [Render thread/WARN] [JMLogger] Can't get entityTexture for cobblemon:textures/entity_icon/0067_machoke/machoke.png
[22:51:40] [Render thread/WARN] [JMLogger] Can't get entityTexture for cobblemon:textures/entity_icon/0054_psyduck/psyduck.png
[22:51:48] [Render thread/WARN] [JMLogger] Can't get entityTexture for cobblemon:textures/entity_icon/0041_zubat/zubat.png
[22:52:14] [Render thread/WARN] [JMLogger] Can't get entityTexture for cobblemon:textures/entity_icon/0550_basculin/basculin_redstripe.png
[22:52:25] [Render thread/WARN] [JMLogger] Can't get entityTexture for cobblemon:textures/entity_icon/0599_klink/klink.png
[22:53:13] [Render thread/WARN] [JMLogger] Can't get entityTexture for cobblemon:textures/entity_icon/0161_sentret/sentret.png
[22:53:47] [Render thread/WARN] [JMLogger] Can't get entityTexture for cobblemon:textures/entity_icon/0519_pidove/pidove.png
[22:54:03] [Render thread/WARN] [JMLogger] Can't get entityTexture for cobblemon:textures/entity_icon/0051_dugtrio/dugtrio.png
[22:54:03] [Render thread/WARN] [JMLogger] Can't get entityTexture for cobblemon:textures/entity_icon/0669_flabebe/flabebe.png
[22:54:19] [Render thread/WARN] [JMLogger] Can't get entityTexture for cobblemon:textures/entity_icon/0324_torkoal/torkoal.png
[22:54:19] [Render thread/WARN] [JMLogger] Can't get entityTexture for cobblemon:textures/entity_icon/0397_staravia/staravia.png
[22:54:35] [Render thread/WARN] [JMLogger] Can't get entityTexture for cobblemon:textures/entity_icon/0519_pidove/pidove.png
[22:54:35] [Render thread/WARN] [JMLogger] Can't get entityTexture for cobblemon:textures/entity_icon/0821_rookidee/rookidee.png
[22:54:35] [Render thread/WARN] [JMLogger] Can't get entityTexture for cobblemon:textures/entity_icon/0041_zubat/zubat.png
[22:54:35] [Render thread/WARN] [JMLogger] Can't get entityTexture for cobblemon:textures/entity_icon/0051_dugtrio/dugtrio.png
[22:54:35] [Render thread/WARN] [JMLogger] Can't get entityTexture for cobblemon:textures/entity_icon/0669_flabebe/flabebe.png
[22:54:35] [Render thread/WARN] [JMLogger] Can't get entityTexture for cobblemon:textures/entity_icon/0074_geodude/geodude.png
[22:54:35] [Render thread/WARN] [JMLogger] Can't get entityTexture for cobblemon:textures/entity_icon/0079_slowpoke/slowpoke.png
[22:54:35] [Render thread/WARN] [JMLogger] Can't get entityTexture for cobblemon:textures/entity_icon/0324_torkoal/torkoal.png
[22:54:35] [Render thread/WARN] [JMLogger] Can't get entityTexture for cobblemon:textures/entity_icon/0397_staravia/staravia.png
[22:54:35] [Render thread/WARN] [JMLogger] Can't get entityTexture for cobblemon:textures/entity_icon/0396_starly/starly.png
[22:54:35] [Render thread/WARN] [JMLogger] Can't get entityTexture for cobblemon:textures/entity_icon/0067_machoke/machoke.png
[22:54:38] [Render thread/WARN] [JMLogger] Can't get entityTexture for cobblemon:textures/entity_icon/0659_bunnelby/bunnelby.png
[22:55:03] [Render thread/WARN] [JMLogger] Can't get entityTexture for cobblemon:textures/entity_icon/0428_lopunny/lopunny.png
[22:55:26] [Render thread/WARN] [JMLogger] Can't get entityTexture for cobblemon:textures/entity_icon/0056_mankey/mankey.png
[22:55:31] [Render thread/WARN] [JMLogger] Can't get entityTexture for cobblemon:textures/entity_icon/0057_primeape/primeape.png
[22:55:40] [Render thread/WARN] [JMLogger] Can't get entityTexture for cobblemon:textures/entity_icon/0550_basculin/basculin_redstripe.png
[22:55:56] [Render thread/WARN] [JMLogger] Can't get entityTexture for cobblemon:textures/entity_icon/0399_bidoof/bidoof.png
[22:55:56] [Render thread/WARN] [JMLogger] Can't get entityTexture for cobblemon:textures/entity_icon/0520_tranquill/tranquill.png
[22:56:02] [Render thread/WARN] [JMLogger] Can't get entityTexture for cobblemon:textures/entity_icon/0129_magikarp/magikarp.png
[22:56:08] [Render thread/WARN] [JMLogger] Can't get entityTexture for cobblemon:textures/entity_icon/0831_wooloo/wooloo.png
[22:56:11] [Render thread/WARN] [JMLogger] Can't get entityTexture for cobblemon:textures/entity_icon/0548_petilil/petilil_hisui_bias.png
[22:56:20] [Render thread/WARN] [JMLogger] Can't get entityTexture for cobblemon:textures/entity_icon/0585_deerling/deerling_autumn.png
[22:56:23] [Render thread/WARN] [JMLogger] Can't get entityTexture for cobblemon:textures/entity_icon/0632_durant/durant.png
[22:56:23] [Render thread/WARN] [JMLogger] Can't get entityTexture for cobblemon:textures/entity_icon/0019_rattata/rattata.png
[22:56:23] [Render thread/WARN] [JMLogger] Can't get entityTexture for cobblemon:textures/entity_icon/0118_goldeen/goldeen.png
[22:56:27] [Render thread/WARN] [JMLogger] Can't get entityTexture for cobblemon:textures/entity_icon/0216_teddiursa/teddiursa.png
[22:56:36] [Render thread/WARN] [JMLogger] Can't get entityTexture for cobblemon:textures/entity_icon/0835_yamper/yamper.png
[22:57:14] [Render thread/WARN] [JMLogger] Can't get entityTexture for cobblemon:textures/entity_icon/0215_sneasel/sneasel_hisuian.png
[22:57:45] [Render thread/WARN] [JMLogger] Can't get entityTexture for cobblemon:textures/entity_icon/0167_spinarak/spinarak.png
[22:57:49] [Render thread/WARN] [JMLogger] Can't get entityTexture for cobblemon:textures/entity_icon/0050_diglett/diglett.png
[22:57:52] [Render thread/WARN] [JMLogger] Can't get entityTexture for cobblemon:textures/entity_icon/0066_machop/machop.png
[22:57:58] [Render thread/WARN] [JMLogger] Can't get entityTexture for cobblemon:textures/entity_icon/0427_buneary/buneary.png
[22:58:11] [Render thread/WARN] [JMLogger] Can't get entityTexture for cobblemon:textures/entity_icon/0020_raticate/raticate.png
[22:58:52] [Render thread/WARN] [JMLogger] Can't get entityTexture for cobblemon:textures/entity_icon/0020_raticate/raticate.png
[22:58:52] [Render thread/WARN] [JMLogger] Can't get entityTexture for cobblemon:textures/entity_icon/0050_diglett/diglett.png
[22:58:52] [Render thread/WARN] [JMLogger] Can't get entityTexture for cobblemon:textures/entity_icon/0427_buneary/buneary.png
[22:58:52] [Render thread/WARN] [JMLogger] Can't get entityTexture for cobblemon:textures/entity_icon/0659_bunnelby/bunnelby.png
[22:58:52] [Render thread/WARN] [JMLogger] Can't get entityTexture for cobblemon:textures/entity_icon/0216_teddiursa/teddiursa.png
[22:58:52] [Render thread/WARN] [JMLogger] Can't get entityTexture for cobblemon:textures/entity_icon/0632_durant/durant.png
[22:58:52] [Render thread/WARN] [JMLogger] Can't get entityTexture for cobblemon:textures/entity_icon/0669_flabebe/flabebe.png
[22:58:52] [Render thread/WARN] [JMLogger] Can't get entityTexture for cobblemon:textures/entity_icon/0396_starly/starly.png
[22:58:52] [Render thread/WARN] [JMLogger] Can't get entityTexture for cobblemon:textures/entity_icon/0399_bidoof/bidoof.png
[22:58:52] [Render thread/WARN] [JMLogger] Can't get entityTexture for cobblemon:textures/entity_icon/0832_dubwool/dubwool.png
[22:58:55] [Render thread/WARN] [JMLogger] Can't get entityTexture for cobblemon:textures/entity_icon/0074_geodude/geodude.png
[22:58:55] [Render thread/WARN] [JMLogger] Can't get entityTexture for cobblemon:textures/entity_icon/0548_petilil/petilil_hisui_bias.png
[22:58:55] [Render thread/WARN] [JMLogger] Can't get entityTexture for cobblemon:textures/entity_icon/0215_sneasel/sneasel_hisuian.png
[22:58:55] [Render thread/WARN] [JMLogger] Can't get entityTexture for cobblemon:textures/entity_icon/0066_machop/machop.png
[22:58:55] [Render thread/WARN] [JMLogger] Can't get entityTexture for cobblemon:textures/entity_icon/0519_pidove/pidove.png
[23:01:48] [Render thread/WARN] [JMLogger] Can't get entityTexture for cobblemon:textures/entity_icon/0821_rookidee/rookidee.png
[23:01:48] [Render thread/WARN] [JMLogger] Can't get entityTexture for cobblemon:textures/entity_icon/0447_riolu/riolu.png
[23:01:48] [Render thread/WARN] [JMLogger] Can't get entityTexture for cobblemon:textures/entity_icon/0056_mankey/mankey.png
[23:01:53] [Render thread/INFO] [JourneymapClient] Mapping halted in C:\Users\agent\AppData\Roaming\PrismLauncher\instances\Dungeon Crashers resmoothified\.minecraft\journeymap\data\mp\offline\overworldmirror:overworld
[23:02:00] [Server thread/INFO] [ForgeConfig] Loading JourneyMap Forge Configs
